Component: ARM Compiler 5.06 update 6 (build 750) Tool: armlink [4d35ed]

==============================================================================

Section Cross References

    main.o(i.mymain) refers to task.o(i.create_task) for create_task
    main.o(i.mymain) refers to task.o(i.start_task) for start_task
    main.o(i.mymain) refers to main.o(.bss) for stack_a
    main.o(i.mymain) refers to main.o(i.task_a) for task_a
    main.o(i.mymain) refers to main.o(i.task_c) for task_c
    main.o(i.task_a) refers to uart.o(i.putchar) for putchar
    main.o(i.task_c) refers to string.o(i.put_s_hex) for put_s_hex
    start.o(RESET) refers to start.o(.text) for Reset_Handler
    start.o(RESET) refers to exception.o(i.HardFault_Handler) for HardFault_Handler
    start.o(RESET) refers to exception.o(i.SVC_Handler) for SVC_Handler
    start.o(.text) refers to init.o(i.SystemInit) for SystemInit
    start.o(.text) refers to uart.o(i.uart_init) for uart_init
    start.o(.text) refers to exception.o(i.UsageFaultInit) for UsageFaultInit
    start.o(.text) refers to systick.o(i.SysTickInit) for SysTickInit
    start.o(.text) refers to led.o(i.LedInit) for LedInit
    start.o(.text) refers to exception.o(i.UsageFault_Handler) for UsageFault_Handler
    start.o(.text) refers to systick.o(i.SysTick_Handler) for SysTick_Handler
    start.o(.text) refers to main.o(i.mymain) for mymain
    string.o(i.put_s_hex) refers to string.o(i.puts) for puts
    string.o(i.put_s_hex) refers to string.o(i.puthex) for puthex
    string.o(i.puthex) refers to string.o(i.puts) for puts
    string.o(i.puthex) refers to uart.o(i.putchar) for putchar
    string.o(i.puts) refers to uart.o(i.putchar) for putchar
    init.o(i.SystemInit) refers to rt_memcpy_w.o(.text) for __aeabi_memcpy4
    init.o(i.SystemInit) refers to rt_memclr_w.o(.text) for __aeabi_memclr4
    exception.o(i.HardFault_Handler) refers to string.o(i.puts) for puts
    exception.o(i.SVC_Handler) refers to string.o(i.puts) for puts
    exception.o(i.UsageFault_Handler) refers to string.o(i.puts) for puts
    exception.o(i.UsageFault_Handler) refers to string.o(i.put_s_hex) for put_s_hex
    systick.o(i.SysTick_Handler) refers to task.o(i.is_task_running) for is_task_running
    systick.o(i.SysTick_Handler) refers to task.o(i.get_stack) for get_stack
    systick.o(i.SysTick_Handler) refers to start.o(.text) for StartTask_asm
    systick.o(i.SysTick_Handler) refers to task.o(i.get_next_task) for get_next_task
    systick.o(i.SysTick_Handler) refers to task.o(i.set_task_stack) for set_task_stack
    systick.o(i.SysTick_Handler) refers to task.o(.data) for cur_task
    task.o(i.create_task) refers to task.o(.data) for task_count
    task.o(i.create_task) refers to task.o(.bss) for task_stacks
    task.o(i.get_next_task) refers to task.o(.data) for cur_task
    task.o(i.get_stack) refers to task.o(.bss) for task_stacks
    task.o(i.is_task_running) refers to task.o(.data) for task_running
    task.o(i.set_task_stack) refers to task.o(.bss) for task_stacks
    task.o(i.start_task) refers to task.o(.data) for task_running


==============================================================================

Image Symbol Table

    Local Symbols

    Symbol Name                              Value     Ov Type        Size  Object(Section)

    ../clib/memcpset.s                       0x00000000   Number         0  rt_memclr_w.o ABSOLUTE
    ../clib/memcpset.s                       0x00000000   Number         0  rt_memcpy_w.o ABSOLUTE
    dc.s                                     0x00000000   Number         0  dc.o ABSOLUTE
    exception.c                              0x00000000   Number         0  exception.o ABSOLUTE
    init.c                                   0x00000000   Number         0  init.o ABSOLUTE
    led.c                                    0x00000000   Number         0  led.o ABSOLUTE
    main.c                                   0x00000000   Number         0  main.o ABSOLUTE
    start.s                                  0x00000000   Number         0  start.o ABSOLUTE
    string.c                                 0x00000000   Number         0  string.o ABSOLUTE
    systick.c                                0x00000000   Number         0  systick.o ABSOLUTE
    task.c                                   0x00000000   Number         0  task.o ABSOLUTE
    uart.c                                   0x00000000   Number         0  uart.o ABSOLUTE
    RESET                                    0x08000000   Section       64  start.o(RESET)
    .text                                    0x08000040   Section      104  start.o(.text)
    UsageFault_Handler_asm                   0x0800007b   Thumb Code     6  start.o(.text)
    SysTick_Handler_asm                      0x0800008b   Thumb Code    22  start.o(.text)
    .text                                    0x080000a8   Section      100  rt_memcpy_w.o(.text)
    .text                                    0x0800010c   Section       78  rt_memclr_w.o(.text)
    i.HardFault_Handler                      0x0800015c   Section        0  exception.o(i.HardFault_Handler)
    i.LedCtrl                                0x0800017c   Section        0  led.o(i.LedCtrl)
    i.LedInit                                0x0800019c   Section        0  led.o(i.LedInit)
    i.SVC_Handler                            0x080001bc   Section        0  exception.o(i.SVC_Handler)
    i.SysTickInit                            0x080001d8   Section        0  systick.o(i.SysTickInit)
    i.SysTick_Handler                        0x080001ec   Section        0  systick.o(i.SysTick_Handler)
    i.SystemInit                             0x08000260   Section        0  init.o(i.SystemInit)
    i.UsageFaultInit                         0x080002a8   Section        0  exception.o(i.UsageFaultInit)
    i.UsageFault_Handler                     0x080002b8   Section        0  exception.o(i.UsageFault_Handler)
    i.create_task                            0x0800036c   Section        0  task.o(i.create_task)
    i.get_next_task                          0x080003b8   Section        0  task.o(i.get_next_task)
    i.get_stack                              0x080003d4   Section        0  task.o(i.get_stack)
    i.getchar                                0x080003e4   Section        0  uart.o(i.getchar)
    i.is_task_running                        0x080003fc   Section        0  task.o(i.is_task_running)
    i.memcpy                                 0x08000408   Section        0  string.o(i.memcpy)
    i.memset                                 0x08000422   Section        0  string.o(i.memset)
    i.mymain                                 0x08000438   Section        0  main.o(i.mymain)
    i.put_s_hex                              0x08000480   Section        0  string.o(i.put_s_hex)
    i.putchar                                0x080004a0   Section        0  uart.o(i.putchar)
    i.puthex                                 0x080004b8   Section        0  string.o(i.puthex)
    i.puts                                   0x080004fc   Section        0  string.o(i.puts)
    i.set_task_stack                         0x08000514   Section        0  task.o(i.set_task_stack)
    i.start_task                             0x08000520   Section        0  task.o(i.start_task)
    i.task_a                                 0x08000530   Section        0  main.o(i.task_a)
    i.task_c                                 0x08000540   Section        0  main.o(i.task_c)
    i.uart_init                              0x08000564   Section        0  uart.o(i.uart_init)
    .data                                    0x20000000   Section       12  task.o(.data)
    task_count                               0x20000000   Data           4  task.o(.data)
    task_running                             0x20000004   Data           4  task.o(.data)
    .bss                                     0x2000000c   Section     3072  main.o(.bss)
    stack_a                                  0x2000000c   Data        1024  main.o(.bss)
    stack_b                                  0x2000040c   Data        1024  main.o(.bss)
    stack_c                                  0x2000080c   Data        1024  main.o(.bss)
    .bss                                     0x20000c0c   Section      128  task.o(.bss)
    task_stacks                              0x20000c0c   Data         128  task.o(.bss)

    Global Symbols

    Symbol Name                              Value     Ov Type        Size  Object(Section)

    BuildAttributes$$THM_ISAv4$P$D$K$B$S$PE$A:L22UL41UL21$X:L11$S22US41US21$IEEE1$IW$USESV6$~STKCKD$USESV7$~SHL$OSPACE$ROPI$EBA8$STANDARDLIB$REQ8$PRES8$EABIv2 0x00000000   Number         0  anon$$obj.o ABSOLUTE
    Image$$RW_IRAM1$$Length                  0x0000000c   Number         0  anon$$obj.o ABSOLUTE
    Image$$ER_IROM1$$Length                  0x000005b4   Number         0  anon$$obj.o ABSOLUTE
    Image$$RW_IRAM1$$ZI$$Length              0x00000c80   Number         0  anon$$obj.o ABSOLUTE
    Image$$ER_IROM1$$Base                    0x08000000   Number         0  anon$$obj.o ABSOLUTE
    Load$$ER_IROM1$$Base                     0x08000000   Number         0  anon$$obj.o ABSOLUTE
    __Vectors                                0x08000000   Data           4  start.o(RESET)
    Reset_Handler                            0x08000041   Thumb Code    58  start.o(.text)
    StartTask_asm                            0x08000081   Thumb Code    10  start.o(.text)
    __aeabi_memcpy4                          0x080000a9   Thumb Code     0  rt_memcpy_w.o(.text)
    __aeabi_memcpy8                          0x080000a9   Thumb Code     0  rt_memcpy_w.o(.text)
    __rt_memcpy_w                            0x080000a9   Thumb Code   100  rt_memcpy_w.o(.text)
    _memcpy_lastbytes_aligned                0x080000f1   Thumb Code     0  rt_memcpy_w.o(.text)
    __aeabi_memclr4                          0x0800010d   Thumb Code     0  rt_memclr_w.o(.text)
    __aeabi_memclr8                          0x0800010d   Thumb Code     0  rt_memclr_w.o(.text)
    __rt_memclr_w                            0x0800010d   Thumb Code    78  rt_memclr_w.o(.text)
    _memset_w                                0x08000111   Thumb Code     0  rt_memclr_w.o(.text)
    HardFault_Handler                        0x0800015d   Thumb Code    10  exception.o(i.HardFault_Handler)
    LedCtrl                                  0x0800017d   Thumb Code    26  led.o(i.LedCtrl)
    LedInit                                  0x0800019d   Thumb Code    22  led.o(i.LedInit)
    SVC_Handler                              0x080001bd   Thumb Code    10  exception.o(i.SVC_Handler)
    SysTickInit                              0x080001d9   Thumb Code    16  systick.o(i.SysTickInit)
    SysTick_Handler                          0x080001ed   Thumb Code   108  systick.o(i.SysTick_Handler)
    SystemInit                               0x08000261   Thumb Code    40  init.o(i.SystemInit)
    UsageFaultInit                           0x080002a9   Thumb Code    12  exception.o(i.UsageFaultInit)
    UsageFault_Handler                       0x080002b9   Thumb Code    88  exception.o(i.UsageFault_Handler)
    create_task                              0x0800036d   Thumb Code    66  task.o(i.create_task)
    get_next_task                            0x080003b9   Thumb Code    18  task.o(i.get_next_task)
    get_stack                                0x080003d5   Thumb Code    10  task.o(i.get_stack)
    getchar                                  0x080003e5   Thumb Code    18  uart.o(i.getchar)
    is_task_running                          0x080003fd   Thumb Code     6  task.o(i.is_task_running)
    memcpy                                   0x08000409   Thumb Code    26  string.o(i.memcpy)
    memset                                   0x08000423   Thumb Code    20  string.o(i.memset)
    mymain                                   0x08000439   Thumb Code    52  main.o(i.mymain)
    put_s_hex                                0x08000481   Thumb Code    26  string.o(i.put_s_hex)
    putchar                                  0x080004a1   Thumb Code    18  uart.o(i.putchar)
    puthex                                   0x080004b9   Thumb Code    62  string.o(i.puthex)
    puts                                     0x080004fd   Thumb Code    22  string.o(i.puts)
    set_task_stack                           0x08000515   Thumb Code     8  task.o(i.set_task_stack)
    start_task                               0x08000521   Thumb Code    10  task.o(i.start_task)
    task_a                                   0x08000531   Thumb Code    14  main.o(i.task_a)
    task_c                                   0x08000541   Thumb Code    26  main.o(i.task_c)
    uart_init                                0x08000565   Thumb Code    68  uart.o(i.uart_init)
    Load$$RW_IRAM1$$Base                     0x080005b4   Number         0  anon$$obj.o ABSOLUTE
    Image$$RW_IRAM1$$Base                    0x20000000   Number         0  anon$$obj.o ABSOLUTE
    cur_task                                 0x20000008   Data           4  task.o(.data)
    Image$$RW_IRAM1$$ZI$$Base                0x2000000c   Number         0  anon$$obj.o ABSOLUTE



==============================================================================

Memory Map of the image

  Image entry point : Not specified.

  Load Region LR_IROM1 (Base: 0x08000000, Size: 0x000005c0, Max: 0x00080000, ABSOLUTE)

    Execution Region ER_IROM1 (Exec base: 0x08000000, Load base: 0x08000000, Size: 0x000005b4, Max: 0xffffffff, ABSOLUTE)

    Exec Addr    Load Addr    Size         Type   Attr      Idx    E Section Name        Object

    0x08000000   0x08000000   0x00000040   Data   RO           39    RESET               start.o
    0x08000040   0x08000040   0x00000068   Code   RO           40    .text               start.o
    0x080000a8   0x080000a8   0x00000064   Code   RO          239    .text               c_w.l(rt_memcpy_w.o)
    0x0800010c   0x0800010c   0x0000004e   Code   RO          241    .text               c_w.l(rt_memclr_w.o)
    0x0800015a   0x0800015a   0x00000002   PAD
    0x0800015c   0x0800015c   0x00000020   Code   RO          117    i.HardFault_Handler  exception.o
    0x0800017c   0x0800017c   0x00000020   Code   RO          171    i.LedCtrl           led.o
    0x0800019c   0x0800019c   0x00000020   Code   RO          172    i.LedInit           led.o
    0x080001bc   0x080001bc   0x0000001c   Code   RO          118    i.SVC_Handler       exception.o
    0x080001d8   0x080001d8   0x00000014   Code   RO          150    i.SysTickInit       systick.o
    0x080001ec   0x080001ec   0x00000074   Code   RO          151    i.SysTick_Handler   systick.o
    0x08000260   0x08000260   0x00000048   Code   RO          105    i.SystemInit        init.o
    0x080002a8   0x080002a8   0x00000010   Code   RO          119    i.UsageFaultInit    exception.o
    0x080002b8   0x080002b8   0x000000b4   Code   RO          120    i.UsageFault_Handler  exception.o
    0x0800036c   0x0800036c   0x0000004c   Code   RO          188    i.create_task       task.o
    0x080003b8   0x080003b8   0x0000001c   Code   RO          189    i.get_next_task     task.o
    0x080003d4   0x080003d4   0x00000010   Code   RO          190    i.get_stack         task.o
    0x080003e4   0x080003e4   0x00000018   Code   RO           45    i.getchar           uart.o
    0x080003fc   0x080003fc   0x0000000c   Code   RO          191    i.is_task_running   task.o
    0x08000408   0x08000408   0x0000001a   Code   RO           69    i.memcpy            string.o
    0x08000422   0x08000422   0x00000014   Code   RO           70    i.memset            string.o
    0x08000436   0x08000436   0x00000002   PAD
    0x08000438   0x08000438   0x00000048   Code   RO            1    i.mymain            main.o
    0x08000480   0x08000480   0x00000020   Code   RO           71    i.put_s_hex         string.o
    0x080004a0   0x080004a0   0x00000018   Code   RO           46    i.putchar           uart.o
    0x080004b8   0x080004b8   0x00000044   Code   RO           72    i.puthex            string.o
    0x080004fc   0x080004fc   0x00000016   Code   RO           73    i.puts              string.o
    0x08000512   0x08000512   0x00000002   PAD
    0x08000514   0x08000514   0x0000000c   Code   RO          192    i.set_task_stack    task.o
    0x08000520   0x08000520   0x00000010   Code   RO          193    i.start_task        task.o
    0x08000530   0x08000530   0x0000000e   Code   RO            2    i.task_a            main.o
    0x0800053e   0x0800053e   0x00000002   PAD
    0x08000540   0x08000540   0x00000024   Code   RO            3    i.task_c            main.o
    0x08000564   0x08000564   0x00000050   Code   RO           47    i.uart_init         uart.o


    Execution Region RW_IRAM1 (Exec base: 0x20000000, Load base: 0x080005b4, Size: 0x00000c8c, Max: 0xffffffff, ABSOLUTE)

    Exec Addr    Load Addr    Size         Type   Attr      Idx    E Section Name        Object

    0x20000000   0x080005b4   0x0000000c   Data   RW          195    .data               task.o
    0x2000000c        -       0x00000c00   Zero   RW            4    .bss                main.o
    0x20000c0c        -       0x00000080   Zero   RW          194    .bss                task.o


==============================================================================

Image component sizes


      Code (inc. data)   RO Data    RW Data    ZI Data      Debug   Object Name

       256        136          0          0          0       9564   exception.o
        72         32          0          0          0        413   init.o
        64         16          0          0          0        868   led.o
       122         30          0          0       3072       3395   main.o
       104         12         64          0          0        504   start.o
       168         12          0          0          0       2654   string.o
       136         12          0          0          0       1904   systick.o
       160         42          0         12        128       3593   task.o
       128         24          0          0          0       1844   uart.o

    ----------------------------------------------------------------------
      1216        316         64         12       3200      24739   Object Totals
         0          0          0          0          0          0   (incl. Generated)
         6          0          0          0          0          0   (incl. Padding)

    ----------------------------------------------------------------------

      Code (inc. data)   RO Data    RW Data    ZI Data      Debug   Library Member Name

        78          0          0          0          0         80   rt_memclr_w.o
       100          0          0          0          0         80   rt_memcpy_w.o

    ----------------------------------------------------------------------
       180          0          0          0          0        160   Library Totals
         2          0          0          0          0          0   (incl. Padding)

    ----------------------------------------------------------------------

      Code (inc. data)   RO Data    RW Data    ZI Data      Debug   Library Name

       178          0          0          0          0        160   c_w.l

    ----------------------------------------------------------------------
       180          0          0          0          0        160   Library Totals

    ----------------------------------------------------------------------

==============================================================================


      Code (inc. data)   RO Data    RW Data    ZI Data      Debug   

      1396        316         64         12       3200      23651   Grand Totals
      1396        316         64         12       3200      23651   ELF Image Totals
      1396        316         64         12          0          0   ROM Totals

==============================================================================

    Total RO  Size (Code + RO Data)                 1460 (   1.43kB)
    Total RW  Size (RW Data + ZI Data)              3212 (   3.14kB)
    Total ROM Size (Code + RO Data + RW Data)       1472 (   1.44kB)

==============================================================================

