Component: ARM Compiler 5.06 update 6 (build 750) Tool: armlink [4d35ed]

==============================================================================

Section Cross References

    stm32f10x.o(RESET) refers to stm32f10x.o(STACK) for __initial_sp
    stm32f10x.o(RESET) refers to stm32f10x.o(.text) for Reset_Handler
    stm32f10x.o(RESET) refers to port.o(.emb_text) for vPortSVCHandler
    stm32f10x.o(RESET) refers to port.o(.text) for xPortSysTickHandler
    stm32f10x.o(RESET) refers to timertest.o(.text) for vTimer2IntHandler
    stm32f10x.o(RESET) refers to serial.o(.text) for vUARTInterruptHandler
    stm32f10x.o(.text) refers to entry.o(.ARM.Collect$$$$00000000) for __main
    stm32f10x_usart.o(.text) refers to stm32f10x_rcc.o(.text) for RCC_APB2PeriphResetCmd
    stm32f10x_gpio.o(.text) refers to stm32f10x_rcc.o(.text) for RCC_APB2PeriphResetCmd
    stm32f10x_nvic.o(.text) refers to cortexm3_macro_rvds.o(.text) for __SETPRIMASK
    stm32f10x_rcc.o(.text) refers to stm32f10x_rcc.o(.constdata) for APBAHBPrescTable
    stm32f10x_spi.o(.text) refers to stm32f10x_rcc.o(.text) for RCC_APB2PeriphResetCmd
    stm32f10x_tim.o(.text) refers to stm32f10x_rcc.o(.text) for RCC_APB1PeriphResetCmd
    stm32f10x_tim.o(.text) refers to stm32f10x_tim.o(.constdata) for Tab_OCModeMask
    serial.o(.text) refers to stm32f10x_rcc.o(.text) for RCC_APB2PeriphClockCmd
    serial.o(.text) refers to stm32f10x_gpio.o(.text) for GPIO_Init
    serial.o(.text) refers to stm32f10x_usart.o(.text) for USART_Init
    timertest.o(.text) refers to stm32f10x_rcc.o(.text) for RCC_APB1PeriphClockCmd
    timertest.o(.text) refers to stm32f10x_tim.o(.text) for TIM_DeInit
    timertest.o(.text) refers to stm32f10x_nvic.o(.text) for NVIC_Init
    timertest.o(.text) refers to timertest.o(.data) for usSettleCount
    main.o(.text) refers to printf0.o(i.__0printf$0) for __2printf
    main.o(.text) refers to stm32f10x_rcc.o(.text) for RCC_DeInit
    main.o(.text) refers to stm32f10x_nvic.o(.text) for NVIC_SetVectorTable
    main.o(.text) refers to stm32f10x_systick.o(.text) for SysTick_CLKSourceConfig
    main.o(.text) refers to serial.o(.text) for UART_Init
    main.o(.text) refers to tasks.o(.text) for xTaskCreate
    main.o(.text) refers to main.o(.data) for pcTextForTask1
    main.o(.data) refers to main.o(.conststring) for .conststring
    tasks.o(.text) refers to list.o(.text) for vListInitialise
    tasks.o(.text) refers to port.o(.text) for vPortEnterCritical
    tasks.o(.text) refers to heap_2.o(.text) for pvPortMalloc
    tasks.o(.text) refers to tasks.o(.bss) for pxReadyTasksLists
    tasks.o(.text) refers to tasks.o(.data) for pxDelayedTaskList
    queue.o(.text) refers to port.o(.text) for vPortEnterCritical
    queue.o(.text) refers to tasks.o(.text) for xTaskRemoveFromEventList
    queue.o(.text) refers to list.o(.text) for vListInitialise
    queue.o(.text) refers to heap_2.o(.text) for pvPortMalloc
    queue.o(.text) refers to memcpya.o(.text) for __aeabi_memcpy
    port.o(.emb_text) refers to tasks.o(.text) for vTaskSwitchContext
    port.o(.emb_text) refers to tasks.o(.data) for pxCurrentTCB
    port.o(.text) refers to port.o(.emb_text) for __asm___6_port_c_39a90d8d__prvStartFirstTask
    port.o(.text) refers to tasks.o(.text) for xTaskIncrementTick
    port.o(.text) refers to port.o(.data) for uxCriticalNesting
    heap_2.o(.text) refers to tasks.o(.text) for vTaskSuspendAll
    heap_2.o(.text) refers to heap_2.o(.bss) for ucHeap
    heap_2.o(.text) refers to heap_2.o(.data) for xStart
    entry.o(.ARM.Collect$$$$00000000) refers (Special) to entry10a.o(.ARM.Collect$$$$0000000D) for __rt_final_cpp
    entry.o(.ARM.Collect$$$$00000000) refers (Special) to entry11a.o(.ARM.Collect$$$$0000000F) for __rt_final_exit
    entry.o(.ARM.Collect$$$$00000000) refers (Special) to entry7b.o(.ARM.Collect$$$$00000008) for _main_clock
    entry.o(.ARM.Collect$$$$00000000) refers (Special) to entry8b.o(.ARM.Collect$$$$0000000A) for _main_cpp_init
    entry.o(.ARM.Collect$$$$00000000) refers (Special) to entry9a.o(.ARM.Collect$$$$0000000B) for _main_init
    entry.o(.ARM.Collect$$$$00000000) refers (Special) to entry5.o(.ARM.Collect$$$$00000004) for _main_scatterload
    entry.o(.ARM.Collect$$$$00000000) refers (Special) to entry2.o(.ARM.Collect$$$$00000001) for _main_stk
    printfb.o(i.__0fprintf$bare) refers to printfb.o(i._printf_core) for _printf_core
    printfb.o(i.__0fprintf$bare) refers to serial.o(.text) for fputc
    printfb.o(i.__0printf$bare) refers to printfb.o(i._printf_core) for _printf_core
    printfb.o(i.__0printf$bare) refers to serial.o(.text) for fputc
    printfb.o(i.__0printf$bare) refers to serial.o(.data) for __stdout
    printfb.o(i.__0snprintf$bare) refers to printfb.o(i._printf_core) for _printf_core
    printfb.o(i.__0snprintf$bare) refers to printfb.o(i._snputc) for _snputc
    printfb.o(i.__0sprintf$bare) refers to printfb.o(i._printf_core) for _printf_core
    printfb.o(i.__0sprintf$bare) refers to printfb.o(i._sputc) for _sputc
    printfb.o(i.__0vfprintf$bare) refers to printfb.o(i._printf_core) for _printf_core
    printfb.o(i.__0vfprintf$bare) refers to serial.o(.text) for fputc
    printfb.o(i.__0vprintf$bare) refers to printfb.o(i._printf_core) for _printf_core
    printfb.o(i.__0vprintf$bare) refers to serial.o(.text) for fputc
    printfb.o(i.__0vprintf$bare) refers to serial.o(.data) for __stdout
    printfb.o(i.__0vsnprintf$bare) refers to printfb.o(i._printf_core) for _printf_core
    printfb.o(i.__0vsnprintf$bare) refers to printfb.o(i._snputc) for _snputc
    printfb.o(i.__0vsprintf$bare) refers to printfb.o(i._printf_core) for _printf_core
    printfb.o(i.__0vsprintf$bare) refers to printfb.o(i._sputc) for _sputc
    printf0.o(i.__0fprintf$0) refers to printf0.o(i._printf_core) for _printf_core
    printf0.o(i.__0fprintf$0) refers to serial.o(.text) for fputc
    printf0.o(i.__0printf$0) refers to printf0.o(i._printf_core) for _printf_core
    printf0.o(i.__0printf$0) refers to serial.o(.text) for fputc
    printf0.o(i.__0printf$0) refers to serial.o(.data) for __stdout
    printf0.o(i.__0snprintf$0) refers to printf0.o(i._printf_core) for _printf_core
    printf0.o(i.__0snprintf$0) refers to printf0.o(i._snputc) for _snputc
    printf0.o(i.__0sprintf$0) refers to printf0.o(i._printf_core) for _printf_core
    printf0.o(i.__0sprintf$0) refers to printf0.o(i._sputc) for _sputc
    printf0.o(i.__0vfprintf$0) refers to printf0.o(i._printf_core) for _printf_core
    printf0.o(i.__0vfprintf$0) refers to serial.o(.text) for fputc
    printf0.o(i.__0vprintf$0) refers to printf0.o(i._printf_core) for _printf_core
    printf0.o(i.__0vprintf$0) refers to serial.o(.text) for fputc
    printf0.o(i.__0vprintf$0) refers to serial.o(.data) for __stdout
    printf0.o(i.__0vsnprintf$0) refers to printf0.o(i._printf_core) for _printf_core
    printf0.o(i.__0vsnprintf$0) refers to printf0.o(i._snputc) for _snputc
    printf0.o(i.__0vsprintf$0) refers to printf0.o(i._printf_core) for _printf_core
    printf0.o(i.__0vsprintf$0) refers to printf0.o(i._sputc) for _sputc
    printf1.o(i.__0fprintf$1) refers to printf1.o(i._printf_core) for _printf_core
    printf1.o(i.__0fprintf$1) refers to serial.o(.text) for fputc
    printf1.o(i.__0printf$1) refers to printf1.o(i._printf_core) for _printf_core
    printf1.o(i.__0printf$1) refers to serial.o(.text) for fputc
    printf1.o(i.__0printf$1) refers to serial.o(.data) for __stdout
    printf1.o(i.__0snprintf$1) refers to printf1.o(i._printf_core) for _printf_core
    printf1.o(i.__0snprintf$1) refers to printf1.o(i._snputc) for _snputc
    printf1.o(i.__0sprintf$1) refers to printf1.o(i._printf_core) for _printf_core
    printf1.o(i.__0sprintf$1) refers to printf1.o(i._sputc) for _sputc
    printf1.o(i.__0vfprintf$1) refers to printf1.o(i._printf_core) for _printf_core
    printf1.o(i.__0vfprintf$1) refers to serial.o(.text) for fputc
    printf1.o(i.__0vprintf$1) refers to printf1.o(i._printf_core) for _printf_core
    printf1.o(i.__0vprintf$1) refers to serial.o(.text) for fputc
    printf1.o(i.__0vprintf$1) refers to serial.o(.data) for __stdout
    printf1.o(i.__0vsnprintf$1) refers to printf1.o(i._printf_core) for _printf_core
    printf1.o(i.__0vsnprintf$1) refers to printf1.o(i._snputc) for _snputc
    printf1.o(i.__0vsprintf$1) refers to printf1.o(i._printf_core) for _printf_core
    printf1.o(i.__0vsprintf$1) refers to printf1.o(i._sputc) for _sputc
    printf1.o(i._printf_core) refers to uidiv.o(.text) for __aeabi_uidivmod
    printf2.o(i.__0fprintf$2) refers to printf2.o(i._printf_core) for _printf_core
    printf2.o(i.__0fprintf$2) refers to serial.o(.text) for fputc
    printf2.o(i.__0printf$2) refers to printf2.o(i._printf_core) for _printf_core
    printf2.o(i.__0printf$2) refers to serial.o(.text) for fputc
    printf2.o(i.__0printf$2) refers to serial.o(.data) for __stdout
    printf2.o(i.__0snprintf$2) refers to printf2.o(i._printf_core) for _printf_core
    printf2.o(i.__0snprintf$2) refers to printf2.o(i._snputc) for _snputc
    printf2.o(i.__0sprintf$2) refers to printf2.o(i._printf_core) for _printf_core
    printf2.o(i.__0sprintf$2) refers to printf2.o(i._sputc) for _sputc
    printf2.o(i.__0vfprintf$2) refers to printf2.o(i._printf_core) for _printf_core
    printf2.o(i.__0vfprintf$2) refers to serial.o(.text) for fputc
    printf2.o(i.__0vprintf$2) refers to printf2.o(i._printf_core) for _printf_core
    printf2.o(i.__0vprintf$2) refers to serial.o(.text) for fputc
    printf2.o(i.__0vprintf$2) refers to serial.o(.data) for __stdout
    printf2.o(i.__0vsnprintf$2) refers to printf2.o(i._printf_core) for _printf_core
    printf2.o(i.__0vsnprintf$2) refers to printf2.o(i._snputc) for _snputc
    printf2.o(i.__0vsprintf$2) refers to printf2.o(i._printf_core) for _printf_core
    printf2.o(i.__0vsprintf$2) refers to printf2.o(i._sputc) for _sputc
    printf3.o(i.__0fprintf$3) refers to printf3.o(i._printf_core) for _printf_core
    printf3.o(i.__0fprintf$3) refers to serial.o(.text) for fputc
    printf3.o(i.__0printf$3) refers to printf3.o(i._printf_core) for _printf_core
    printf3.o(i.__0printf$3) refers to serial.o(.text) for fputc
    printf3.o(i.__0printf$3) refers to serial.o(.data) for __stdout
    printf3.o(i.__0snprintf$3) refers to printf3.o(i._printf_core) for _printf_core
    printf3.o(i.__0snprintf$3) refers to printf3.o(i._snputc) for _snputc
    printf3.o(i.__0sprintf$3) refers to printf3.o(i._printf_core) for _printf_core
    printf3.o(i.__0sprintf$3) refers to printf3.o(i._sputc) for _sputc
    printf3.o(i.__0vfprintf$3) refers to printf3.o(i._printf_core) for _printf_core
    printf3.o(i.__0vfprintf$3) refers to serial.o(.text) for fputc
    printf3.o(i.__0vprintf$3) refers to printf3.o(i._printf_core) for _printf_core
    printf3.o(i.__0vprintf$3) refers to serial.o(.text) for fputc
    printf3.o(i.__0vprintf$3) refers to serial.o(.data) for __stdout
    printf3.o(i.__0vsnprintf$3) refers to printf3.o(i._printf_core) for _printf_core
    printf3.o(i.__0vsnprintf$3) refers to printf3.o(i._snputc) for _snputc
    printf3.o(i.__0vsprintf$3) refers to printf3.o(i._printf_core) for _printf_core
    printf3.o(i.__0vsprintf$3) refers to printf3.o(i._sputc) for _sputc
    printf3.o(i._printf_core) refers to uidiv.o(.text) for __aeabi_uidivmod
    printf4.o(i.__0fprintf$4) refers to printf4.o(i._printf_core) for _printf_core
    printf4.o(i.__0fprintf$4) refers to serial.o(.text) for fputc
    printf4.o(i.__0printf$4) refers to printf4.o(i._printf_core) for _printf_core
    printf4.o(i.__0printf$4) refers to serial.o(.text) for fputc
    printf4.o(i.__0printf$4) refers to serial.o(.data) for __stdout
    printf4.o(i.__0snprintf$4) refers to printf4.o(i._printf_core) for _printf_core
    printf4.o(i.__0snprintf$4) refers to printf4.o(i._snputc) for _snputc
    printf4.o(i.__0sprintf$4) refers to printf4.o(i._printf_core) for _printf_core
    printf4.o(i.__0sprintf$4) refers to printf4.o(i._sputc) for _sputc
    printf4.o(i.__0vfprintf$4) refers to printf4.o(i._printf_core) for _printf_core
    printf4.o(i.__0vfprintf$4) refers to serial.o(.text) for fputc
    printf4.o(i.__0vprintf$4) refers to printf4.o(i._printf_core) for _printf_core
    printf4.o(i.__0vprintf$4) refers to serial.o(.text) for fputc
    printf4.o(i.__0vprintf$4) refers to serial.o(.data) for __stdout
    printf4.o(i.__0vsnprintf$4) refers to printf4.o(i._printf_core) for _printf_core
    printf4.o(i.__0vsnprintf$4) refers to printf4.o(i._snputc) for _snputc
    printf4.o(i.__0vsprintf$4) refers to printf4.o(i._printf_core) for _printf_core
    printf4.o(i.__0vsprintf$4) refers to printf4.o(i._sputc) for _sputc
    printf4.o(i._printf_core) refers to uldiv.o(.text) for __aeabi_uldivmod
    printf5.o(i.__0fprintf$5) refers to printf5.o(i._printf_core) for _printf_core
    printf5.o(i.__0fprintf$5) refers to serial.o(.text) for fputc
    printf5.o(i.__0printf$5) refers to printf5.o(i._printf_core) for _printf_core
    printf5.o(i.__0printf$5) refers to serial.o(.text) for fputc
    printf5.o(i.__0printf$5) refers to serial.o(.data) for __stdout
    printf5.o(i.__0snprintf$5) refers to printf5.o(i._printf_core) for _printf_core
    printf5.o(i.__0snprintf$5) refers to printf5.o(i._snputc) for _snputc
    printf5.o(i.__0sprintf$5) refers to printf5.o(i._printf_core) for _printf_core
    printf5.o(i.__0sprintf$5) refers to printf5.o(i._sputc) for _sputc
    printf5.o(i.__0vfprintf$5) refers to printf5.o(i._printf_core) for _printf_core
    printf5.o(i.__0vfprintf$5) refers to serial.o(.text) for fputc
    printf5.o(i.__0vprintf$5) refers to printf5.o(i._printf_core) for _printf_core
    printf5.o(i.__0vprintf$5) refers to serial.o(.text) for fputc
    printf5.o(i.__0vprintf$5) refers to serial.o(.data) for __stdout
    printf5.o(i.__0vsnprintf$5) refers to printf5.o(i._printf_core) for _printf_core
    printf5.o(i.__0vsnprintf$5) refers to printf5.o(i._snputc) for _snputc
    printf5.o(i.__0vsprintf$5) refers to printf5.o(i._printf_core) for _printf_core
    printf5.o(i.__0vsprintf$5) refers to printf5.o(i._sputc) for _sputc
    printf5.o(i._printf_core) refers to uldiv.o(.text) for __aeabi_uldivmod
    printf6.o(i.__0fprintf$6) refers to printf6.o(i._printf_core) for _printf_core
    printf6.o(i.__0fprintf$6) refers to serial.o(.text) for fputc
    printf6.o(i.__0printf$6) refers to printf6.o(i._printf_core) for _printf_core
    printf6.o(i.__0printf$6) refers to serial.o(.text) for fputc
    printf6.o(i.__0printf$6) refers to serial.o(.data) for __stdout
    printf6.o(i.__0snprintf$6) refers to printf6.o(i._printf_core) for _printf_core
    printf6.o(i.__0snprintf$6) refers to printf6.o(i._snputc) for _snputc
    printf6.o(i.__0sprintf$6) refers to printf6.o(i._printf_core) for _printf_core
    printf6.o(i.__0sprintf$6) refers to printf6.o(i._sputc) for _sputc
    printf6.o(i.__0vfprintf$6) refers to printf6.o(i._printf_core) for _printf_core
    printf6.o(i.__0vfprintf$6) refers to serial.o(.text) for fputc
    printf6.o(i.__0vprintf$6) refers to printf6.o(i._printf_core) for _printf_core
    printf6.o(i.__0vprintf$6) refers to serial.o(.text) for fputc
    printf6.o(i.__0vprintf$6) refers to serial.o(.data) for __stdout
    printf6.o(i.__0vsnprintf$6) refers to printf6.o(i._printf_core) for _printf_core
    printf6.o(i.__0vsnprintf$6) refers to printf6.o(i._snputc) for _snputc
    printf6.o(i.__0vsprintf$6) refers to printf6.o(i._printf_core) for _printf_core
    printf6.o(i.__0vsprintf$6) refers to printf6.o(i._sputc) for _sputc
    printf6.o(i._printf_core) refers to printf6.o(i._printf_pre_padding) for _printf_pre_padding
    printf6.o(i._printf_core) refers to uidiv.o(.text) for __aeabi_uidivmod
    printf6.o(i._printf_core) refers to printf6.o(i._printf_post_padding) for _printf_post_padding
    printf7.o(i.__0fprintf$7) refers to printf7.o(i._printf_core) for _printf_core
    printf7.o(i.__0fprintf$7) refers to serial.o(.text) for fputc
    printf7.o(i.__0printf$7) refers to printf7.o(i._printf_core) for _printf_core
    printf7.o(i.__0printf$7) refers to serial.o(.text) for fputc
    printf7.o(i.__0printf$7) refers to serial.o(.data) for __stdout
    printf7.o(i.__0snprintf$7) refers to printf7.o(i._printf_core) for _printf_core
    printf7.o(i.__0snprintf$7) refers to printf7.o(i._snputc) for _snputc
    printf7.o(i.__0sprintf$7) refers to printf7.o(i._printf_core) for _printf_core
    printf7.o(i.__0sprintf$7) refers to printf7.o(i._sputc) for _sputc
    printf7.o(i.__0vfprintf$7) refers to printf7.o(i._printf_core) for _printf_core
    printf7.o(i.__0vfprintf$7) refers to serial.o(.text) for fputc
    printf7.o(i.__0vprintf$7) refers to printf7.o(i._printf_core) for _printf_core
    printf7.o(i.__0vprintf$7) refers to serial.o(.text) for fputc
    printf7.o(i.__0vprintf$7) refers to serial.o(.data) for __stdout
    printf7.o(i.__0vsnprintf$7) refers to printf7.o(i._printf_core) for _printf_core
    printf7.o(i.__0vsnprintf$7) refers to printf7.o(i._snputc) for _snputc
    printf7.o(i.__0vsprintf$7) refers to printf7.o(i._printf_core) for _printf_core
    printf7.o(i.__0vsprintf$7) refers to printf7.o(i._sputc) for _sputc
    printf7.o(i._printf_core) refers to printf7.o(i._printf_pre_padding) for _printf_pre_padding
    printf7.o(i._printf_core) refers to uldiv.o(.text) for __aeabi_uldivmod
    printf7.o(i._printf_core) refers to printf7.o(i._printf_post_padding) for _printf_post_padding
    printf8.o(i.__0fprintf$8) refers to printf8.o(i._printf_core) for _printf_core
    printf8.o(i.__0fprintf$8) refers to serial.o(.text) for fputc
    printf8.o(i.__0printf$8) refers to printf8.o(i._printf_core) for _printf_core
    printf8.o(i.__0printf$8) refers to serial.o(.text) for fputc
    printf8.o(i.__0printf$8) refers to serial.o(.data) for __stdout
    printf8.o(i.__0snprintf$8) refers to printf8.o(i._printf_core) for _printf_core
    printf8.o(i.__0snprintf$8) refers to printf8.o(i._snputc) for _snputc
    printf8.o(i.__0sprintf$8) refers to printf8.o(i._printf_core) for _printf_core
    printf8.o(i.__0sprintf$8) refers to printf8.o(i._sputc) for _sputc
    printf8.o(i.__0vfprintf$8) refers to printf8.o(i._printf_core) for _printf_core
    printf8.o(i.__0vfprintf$8) refers to serial.o(.text) for fputc
    printf8.o(i.__0vprintf$8) refers to printf8.o(i._printf_core) for _printf_core
    printf8.o(i.__0vprintf$8) refers to serial.o(.text) for fputc
    printf8.o(i.__0vprintf$8) refers to serial.o(.data) for __stdout
    printf8.o(i.__0vsnprintf$8) refers to printf8.o(i._printf_core) for _printf_core
    printf8.o(i.__0vsnprintf$8) refers to printf8.o(i._snputc) for _snputc
    printf8.o(i.__0vsprintf$8) refers to printf8.o(i._printf_core) for _printf_core
    printf8.o(i.__0vsprintf$8) refers to printf8.o(i._sputc) for _sputc
    printf8.o(i._printf_core) refers to printf8.o(i._printf_pre_padding) for _printf_pre_padding
    printf8.o(i._printf_core) refers to uldiv.o(.text) for __aeabi_uldivmod
    printf8.o(i._printf_core) refers to printf8.o(i._printf_post_padding) for _printf_post_padding
    printfa.o(i.__0fprintf) refers (Special) to iusefp.o(.text) for __I$use$fp
    printfa.o(i.__0fprintf) refers to printfa.o(i._printf_core) for _printf_core
    printfa.o(i.__0fprintf) refers to serial.o(.text) for fputc
    printfa.o(i.__0printf) refers (Special) to iusefp.o(.text) for __I$use$fp
    printfa.o(i.__0printf) refers to printfa.o(i._printf_core) for _printf_core
    printfa.o(i.__0printf) refers to serial.o(.text) for fputc
    printfa.o(i.__0printf) refers to serial.o(.data) for __stdout
    printfa.o(i.__0snprintf) refers (Special) to iusefp.o(.text) for __I$use$fp
    printfa.o(i.__0snprintf) refers to printfa.o(i._printf_core) for _printf_core
    printfa.o(i.__0snprintf) refers to printfa.o(i._snputc) for _snputc
    printfa.o(i.__0sprintf) refers (Special) to iusefp.o(.text) for __I$use$fp
    printfa.o(i.__0sprintf) refers to printfa.o(i._printf_core) for _printf_core
    printfa.o(i.__0sprintf) refers to printfa.o(i._sputc) for _sputc
    printfa.o(i.__0vfprintf) refers (Special) to iusefp.o(.text) for __I$use$fp
    printfa.o(i.__0vfprintf) refers to printfa.o(i._printf_core) for _printf_core
    printfa.o(i.__0vfprintf) refers to serial.o(.text) for fputc
    printfa.o(i.__0vprintf) refers (Special) to iusefp.o(.text) for __I$use$fp
    printfa.o(i.__0vprintf) refers to printfa.o(i._printf_core) for _printf_core
    printfa.o(i.__0vprintf) refers to serial.o(.text) for fputc
    printfa.o(i.__0vprintf) refers to serial.o(.data) for __stdout
    printfa.o(i.__0vsnprintf) refers (Special) to iusefp.o(.text) for __I$use$fp
    printfa.o(i.__0vsnprintf) refers to printfa.o(i._printf_core) for _printf_core
    printfa.o(i.__0vsnprintf) refers to printfa.o(i._snputc) for _snputc
    printfa.o(i.__0vsprintf) refers (Special) to iusefp.o(.text) for __I$use$fp
    printfa.o(i.__0vsprintf) refers to printfa.o(i._printf_core) for _printf_core
    printfa.o(i.__0vsprintf) refers to printfa.o(i._sputc) for _sputc
    printfa.o(i._fp_digits) refers (Special) to iusefp.o(.text) for __I$use$fp
    printfa.o(i._fp_digits) refers to dmul.o(.text) for __aeabi_dmul
    printfa.o(i._fp_digits) refers to ddiv.o(.text) for __aeabi_ddiv
    printfa.o(i._fp_digits) refers to cdrcmple.o(.text) for __aeabi_cdrcmple
    printfa.o(i._fp_digits) refers to dadd.o(.text) for __aeabi_dadd
    printfa.o(i._fp_digits) refers to dfixul.o(.text) for __aeabi_d2ulz
    printfa.o(i._fp_digits) refers to uldiv.o(.text) for __aeabi_uldivmod
    printfa.o(i._printf_core) refers (Special) to iusefp.o(.text) for __I$use$fp
    printfa.o(i._printf_core) refers to printfa.o(i._printf_pre_padding) for _printf_pre_padding
    printfa.o(i._printf_core) refers to uldiv.o(.text) for __aeabi_uldivmod
    printfa.o(i._printf_core) refers to printfa.o(i._printf_post_padding) for _printf_post_padding
    printfa.o(i._printf_core) refers to printfa.o(i._fp_digits) for _fp_digits
    printfa.o(i._printf_core) refers to uidiv.o(.text) for __aeabi_uidivmod
    printfa.o(i._printf_post_padding) refers (Special) to iusefp.o(.text) for __I$use$fp
    printfa.o(i._printf_pre_padding) refers (Special) to iusefp.o(.text) for __I$use$fp
    printfa.o(i._snputc) refers (Special) to iusefp.o(.text) for __I$use$fp
    printfa.o(i._sputc) refers (Special) to iusefp.o(.text) for __I$use$fp
    entry2.o(.ARM.Collect$$$$00000001) refers to entry2.o(.ARM.Collect$$$$00002712) for __lit__00000000
    entry2.o(.ARM.Collect$$$$00002712) refers to stm32f10x.o(STACK) for __initial_sp
    entry2.o(__vectab_stack_and_reset_area) refers to stm32f10x.o(STACK) for __initial_sp
    entry2.o(__vectab_stack_and_reset_area) refers to entry.o(.ARM.Collect$$$$00000000) for __main
    entry5.o(.ARM.Collect$$$$00000004) refers to init.o(.text) for __scatterload
    entry9a.o(.ARM.Collect$$$$0000000B) refers to main.o(.text) for main
    entry9b.o(.ARM.Collect$$$$0000000C) refers to main.o(.text) for main
    uldiv.o(.text) refers to llushr.o(.text) for __aeabi_llsr
    uldiv.o(.text) refers to llshl.o(.text) for __aeabi_llsl
    dadd.o(.text) refers to llshl.o(.text) for __aeabi_llsl
    dadd.o(.text) refers to llsshr.o(.text) for __aeabi_lasr
    dadd.o(.text) refers to depilogue.o(.text) for _double_epilogue
    dmul.o(.text) refers to depilogue.o(.text) for _double_epilogue
    ddiv.o(.text) refers to depilogue.o(.text) for _double_round
    dfixul.o(.text) refers to llushr.o(.text) for __aeabi_llsr
    dfixul.o(.text) refers to llshl.o(.text) for __aeabi_llsl
    init.o(.text) refers to entry5.o(.ARM.Collect$$$$00000004) for __main_after_scatterload
    depilogue.o(.text) refers to llshl.o(.text) for __aeabi_llsl
    depilogue.o(.text) refers to llushr.o(.text) for __aeabi_llsr


==============================================================================

Removing Unused input sections from the image.

    Removing stm32f10x.o(HEAP), (0 bytes).
    Removing stm32f10x_spi.o(.text), (532 bytes).
    Removing queue.o(.text), (2144 bytes).
    Removing dadd.o(.text), (334 bytes).
    Removing dmul.o(.text), (228 bytes).
    Removing ddiv.o(.text), (222 bytes).
    Removing dfixul.o(.text), (48 bytes).
    Removing cdrcmple.o(.text), (48 bytes).
    Removing depilogue.o(.text), (186 bytes).

9 unused section(s) (total 3742 bytes) removed from the image.

==============================================================================

Image Symbol Table

    Local Symbols

    Symbol Name                              Value     Ov Type        Size  Object(Section)

    ../clib/microlib/division.c              0x00000000   Number         0  uldiv.o ABSOLUTE
    ../clib/microlib/division.c              0x00000000   Number         0  uidiv.o ABSOLUTE
    ../clib/microlib/init/entry.s            0x00000000   Number         0  entry8b.o ABSOLUTE
    ../clib/microlib/init/entry.s            0x00000000   Number         0  entry10b.o ABSOLUTE
    ../clib/microlib/init/entry.s            0x00000000   Number         0  entry9a.o ABSOLUTE
    ../clib/microlib/init/entry.s            0x00000000   Number         0  entry10a.o ABSOLUTE
    ../clib/microlib/init/entry.s            0x00000000   Number         0  entry9b.o ABSOLUTE
    ../clib/microlib/init/entry.s            0x00000000   Number         0  entry7a.o ABSOLUTE
    ../clib/microlib/init/entry.s            0x00000000   Number         0  entry11a.o ABSOLUTE
    ../clib/microlib/init/entry.s            0x00000000   Number         0  entry2.o ABSOLUTE
    ../clib/microlib/init/entry.s            0x00000000   Number         0  entry5.o ABSOLUTE
    ../clib/microlib/init/entry.s            0x00000000   Number         0  entry.o ABSOLUTE
    ../clib/microlib/init/entry.s            0x00000000   Number         0  entry7b.o ABSOLUTE
    ../clib/microlib/init/entry.s            0x00000000   Number         0  entry11b.o ABSOLUTE
    ../clib/microlib/init/entry.s            0x00000000   Number         0  entry8a.o ABSOLUTE
    ../clib/microlib/longlong.c              0x00000000   Number         0  llsshr.o ABSOLUTE
    ../clib/microlib/longlong.c              0x00000000   Number         0  llushr.o ABSOLUTE
    ../clib/microlib/longlong.c              0x00000000   Number         0  llshl.o ABSOLUTE
    ../clib/microlib/printf/printf.c         0x00000000   Number         0  printf1.o ABSOLUTE
    ../clib/microlib/printf/printf.c         0x00000000   Number         0  printfb.o ABSOLUTE
    ../clib/microlib/printf/printf.c         0x00000000   Number         0  printf0.o ABSOLUTE
    ../clib/microlib/printf/printf.c         0x00000000   Number         0  printf2.o ABSOLUTE
    ../clib/microlib/printf/printf.c         0x00000000   Number         0  printf3.o ABSOLUTE
    ../clib/microlib/printf/printf.c         0x00000000   Number         0  printf4.o ABSOLUTE
    ../clib/microlib/printf/printf.c         0x00000000   Number         0  printf5.o ABSOLUTE
    ../clib/microlib/printf/printf.c         0x00000000   Number         0  printf6.o ABSOLUTE
    ../clib/microlib/printf/printf.c         0x00000000   Number         0  printf7.o ABSOLUTE
    ../clib/microlib/printf/printf.c         0x00000000   Number         0  printf8.o ABSOLUTE
    ../clib/microlib/printf/printf.c         0x00000000   Number         0  printfa.o ABSOLUTE
    ../clib/microlib/printf/stubs.s          0x00000000   Number         0  stubs.o ABSOLUTE
    ../clib/microlib/string/memcpy.c         0x00000000   Number         0  memcpya.o ABSOLUTE
    ../clib/microlib/string/memcpy.c         0x00000000   Number         0  memcpyb.o ABSOLUTE
    ../clib/microlib/stubs.s                 0x00000000   Number         0  iusefp.o ABSOLUTE
    ../clib/microlib/stubs.s                 0x00000000   Number         0  useno.o ABSOLUTE
    ../fplib/microlib/fpadd.c                0x00000000   Number         0  dadd.o ABSOLUTE
    ../fplib/microlib/fpdiv.c                0x00000000   Number         0  ddiv.o ABSOLUTE
    ../fplib/microlib/fpepilogue.c           0x00000000   Number         0  depilogue.o ABSOLUTE
    ../fplib/microlib/fpfix.c                0x00000000   Number         0  dfixul.o ABSOLUTE
    ../fplib/microlib/fpmul.c                0x00000000   Number         0  dmul.o ABSOLUTE
    ..\..\Source\list.c                      0x00000000   Number         0  list.o ABSOLUTE
    ..\..\Source\portable\MemMang\heap_2.c   0x00000000   Number         0  heap_2.o ABSOLUTE
    ..\..\Source\portable\RVDS\ARM_CM3\port.c 0x00000000   Number         0  port.o ABSOLUTE
    ..\..\Source\queue.c                     0x00000000   Number         0  queue.o ABSOLUTE
    ..\..\Source\tasks.c                     0x00000000   Number         0  tasks.o ABSOLUTE
    ..\Common\drivers\ST\STM32F10xFWLib\src\cortexm3_macro_rvds.s 0x00000000   Number         0  cortexm3_macro_rvds.o ABSOLUTE
    ..\\..\\Source\\portable\\RVDS\\ARM_CM3\\port.c 0x00000000   Number         0  port.o ABSOLUTE
    STM32F10x.s                              0x00000000   Number         0  stm32f10x.o ABSOLUTE
    STM32F10xFWLib\src\stm32f10x_gpio.c      0x00000000   Number         0  stm32f10x_gpio.o ABSOLUTE
    STM32F10xFWLib\src\stm32f10x_lib.c       0x00000000   Number         0  stm32f10x_lib.o ABSOLUTE
    STM32F10xFWLib\src\stm32f10x_nvic.c      0x00000000   Number         0  stm32f10x_nvic.o ABSOLUTE
    STM32F10xFWLib\src\stm32f10x_rcc.c       0x00000000   Number         0  stm32f10x_rcc.o ABSOLUTE
    STM32F10xFWLib\src\stm32f10x_spi.c       0x00000000   Number         0  stm32f10x_spi.o ABSOLUTE
    STM32F10xFWLib\src\stm32f10x_systick.c   0x00000000   Number         0  stm32f10x_systick.o ABSOLUTE
    STM32F10xFWLib\src\stm32f10x_tim.c       0x00000000   Number         0  stm32f10x_tim.o ABSOLUTE
    STM32F10xFWLib\src\stm32f10x_usart.c     0x00000000   Number         0  stm32f10x_usart.o ABSOLUTE
    cdrcmple.s                               0x00000000   Number         0  cdrcmple.o ABSOLUTE
    dc.s                                     0x00000000   Number         0  dc.o ABSOLUTE
    handlers.s                               0x00000000   Number         0  handlers.o ABSOLUTE
    init.s                                   0x00000000   Number         0  init.o ABSOLUTE
    main.c                                   0x00000000   Number         0  main.o ABSOLUTE
    serial\serial.c                          0x00000000   Number         0  serial.o ABSOLUTE
    timertest.c                              0x00000000   Number         0  timertest.o ABSOLUTE
    RESET                                    0x08000000   Section      236  stm32f10x.o(RESET)
    .ARM.Collect$$$$00000000                 0x080000ec   Section        0  entry.o(.ARM.Collect$$$$00000000)
    .ARM.Collect$$$$00000001                 0x080000ec   Section        4  entry2.o(.ARM.Collect$$$$00000001)
    .ARM.Collect$$$$00000004                 0x080000f0   Section        4  entry5.o(.ARM.Collect$$$$00000004)
    .ARM.Collect$$$$00000008                 0x080000f4   Section        0  entry7b.o(.ARM.Collect$$$$00000008)
    .ARM.Collect$$$$0000000A                 0x080000f4   Section        0  entry8b.o(.ARM.Collect$$$$0000000A)
    .ARM.Collect$$$$0000000B                 0x080000f4   Section        8  entry9a.o(.ARM.Collect$$$$0000000B)
    .ARM.Collect$$$$0000000D                 0x080000fc   Section        0  entry10a.o(.ARM.Collect$$$$0000000D)
    .ARM.Collect$$$$0000000F                 0x080000fc   Section        0  entry11a.o(.ARM.Collect$$$$0000000F)
    .ARM.Collect$$$$00002712                 0x080000fc   Section        4  entry2.o(.ARM.Collect$$$$00002712)
    __lit__00000000                          0x080000fc   Data           4  entry2.o(.ARM.Collect$$$$00002712)
    .emb_text                                0x08000100   Section      150  port.o(.emb_text)
    .text                                    0x08000198   Section       28  stm32f10x.o(.text)
    .text                                    0x080001b4   Section      110  cortexm3_macro_rvds.o(.text)
    .text                                    0x08000224   Section        0  stm32f10x_usart.o(.text)
    .text                                    0x08000548   Section        0  stm32f10x_gpio.o(.text)
    .text                                    0x08000828   Section        0  stm32f10x_nvic.o(.text)
    .text                                    0x08000c08   Section        0  stm32f10x_rcc.o(.text)
    .text                                    0x08000f84   Section        0  stm32f10x_systick.o(.text)
    .text                                    0x08001048   Section        0  stm32f10x_tim.o(.text)
    TI1_Config                               0x080011a3   Thumb Code    56  stm32f10x_tim.o(.text)
    TI2_Config                               0x080011f5   Thumb Code    80  stm32f10x_tim.o(.text)
    PWMI_Config                              0x08001245   Thumb Code   124  stm32f10x_tim.o(.text)
    TI4_Config                               0x080012db   Thumb Code    82  stm32f10x_tim.o(.text)
    TI3_Config                               0x0800133f   Thumb Code    66  stm32f10x_tim.o(.text)
    ETR_Config                               0x08001505   Thumb Code    26  stm32f10x_tim.o(.text)
    .text                                    0x080018ac   Section        0  serial.o(.text)
    .text                                    0x0800198c   Section        0  timertest.o(.text)
    .text                                    0x08001a84   Section        0  main.o(.text)
    prvSetupHardware                         0x08001aa9   Thumb Code   146  main.o(.text)
    .text                                    0x08001b9c   Section        0  tasks.o(.text)
    prvInitialiseTaskLists                   0x08001b9d   Thumb Code    70  tasks.o(.text)
    prvAddNewTaskToReadyList                 0x08001be3   Thumb Code   150  tasks.o(.text)
    prvInitialiseNewTask                     0x08001c79   Thumb Code   138  tasks.o(.text)
    prvResetNextTaskUnblockTime              0x08001d63   Thumb Code    40  tasks.o(.text)
    prvDeleteTCB                             0x08001d8b   Thumb Code    18  tasks.o(.text)
    prvAddCurrentTaskToDelayedList           0x0800204b   Thumb Code   124  tasks.o(.text)
    prvTaskIsTaskSuspended                   0x0800239f   Thumb Code   118  tasks.o(.text)
    prvCheckTasksWaitingTermination          0x08002505   Thumb Code    60  tasks.o(.text)
    prvIdleTask                              0x08002541   Thumb Code    32  tasks.o(.text)
    .text                                    0x08002c5c   Section        0  list.o(.text)
    .text                                    0x08002cf0   Section        0  port.o(.text)
    prvTaskExitError                         0x08002cf1   Thumb Code    22  port.o(.text)
    .text                                    0x08002de0   Section        0  heap_2.o(.text)
    prvHeapInit                              0x08002de1   Thumb Code    42  heap_2.o(.text)
    .text                                    0x08002f1c   Section       36  init.o(.text)
    i.__0printf$0                            0x08002f40   Section        0  printf0.o(i.__0printf$0)
    i.__scatterload_copy                     0x08002f60   Section       14  handlers.o(i.__scatterload_copy)
    i.__scatterload_null                     0x08002f6e   Section        2  handlers.o(i.__scatterload_null)
    i.__scatterload_zeroinit                 0x08002f70   Section       14  handlers.o(i.__scatterload_zeroinit)
    i._printf_core                           0x08002f7e   Section        0  printf0.o(i._printf_core)
    _printf_core                             0x08002f7f   Thumb Code    44  printf0.o(i._printf_core)
    .constdata                               0x08002faa   Section       20  stm32f10x_rcc.o(.constdata)
    APBAHBPrescTable                         0x08002faa   Data          16  stm32f10x_rcc.o(.constdata)
    ADCPrescTable                            0x08002fba   Data           4  stm32f10x_rcc.o(.constdata)
    .constdata                               0x08002fbe   Section       16  stm32f10x_tim.o(.constdata)
    Tab_OCModeMask                           0x08002fbe   Data           8  stm32f10x_tim.o(.constdata)
    Tab_PolarityMask                         0x08002fc6   Data           8  stm32f10x_tim.o(.constdata)
    .conststring                             0x08002fd0   Section       21  main.o(.conststring)
    .data                                    0x20000000   Section        8  serial.o(.data)
    .data                                    0x20000008   Section        8  timertest.o(.data)
    usLastCount                              0x2000000a   Data           2  timertest.o(.data)
    usSettleCount                            0x2000000c   Data           2  timertest.o(.data)
    usMaxDifference                          0x2000000e   Data           2  timertest.o(.data)
    .data                                    0x20000010   Section        8  main.o(.data)
    pcTextForTask1                           0x20000010   Data           4  main.o(.data)
    pcTextForTask2                           0x20000014   Data           4  main.o(.data)
    .data                                    0x20000018   Section       64  tasks.o(.data)
    pxDelayedTaskList                        0x2000001c   Data           4  tasks.o(.data)
    pxOverflowDelayedTaskList                0x20000020   Data           4  tasks.o(.data)
    uxDeletedTasksWaitingCleanUp             0x20000024   Data           4  tasks.o(.data)
    uxCurrentNumberOfTasks                   0x20000028   Data           4  tasks.o(.data)
    xTickCount                               0x2000002c   Data           4  tasks.o(.data)
    uxTopReadyPriority                       0x20000030   Data           4  tasks.o(.data)
    xSchedulerRunning                        0x20000034   Data           4  tasks.o(.data)
    xPendedTicks                             0x20000038   Data           4  tasks.o(.data)
    xYieldPending                            0x2000003c   Data           4  tasks.o(.data)
    xNumOfOverflows                          0x20000040   Data           4  tasks.o(.data)
    uxTaskNumber                             0x20000044   Data           4  tasks.o(.data)
    xNextTaskUnblockTime                     0x20000048   Data           4  tasks.o(.data)
    xIdleTaskHandle                          0x2000004c   Data           4  tasks.o(.data)
    uxSchedulerSuspended                     0x20000054   Data           4  tasks.o(.data)
    .data                                    0x20000058   Section        4  port.o(.data)
    uxCriticalNesting                        0x20000058   Data           4  port.o(.data)
    .data                                    0x2000005c   Section       24  heap_2.o(.data)
    xStart                                   0x2000005c   Data           8  heap_2.o(.data)
    xEnd                                     0x20000064   Data           8  heap_2.o(.data)
    xFreeBytesRemaining                      0x2000006c   Data           4  heap_2.o(.data)
    xHeapHasBeenInitialised                  0x20000070   Data           4  heap_2.o(.data)
    .bss                                     0x20000074   Section      200  tasks.o(.bss)
    pxReadyTasksLists                        0x20000074   Data         100  tasks.o(.bss)
    xDelayedTaskList1                        0x200000d8   Data          20  tasks.o(.bss)
    xDelayedTaskList2                        0x200000ec   Data          20  tasks.o(.bss)
    xPendingReadyList                        0x20000100   Data          20  tasks.o(.bss)
    xTasksWaitingTermination                 0x20000114   Data          20  tasks.o(.bss)
    xSuspendedTaskList                       0x20000128   Data          20  tasks.o(.bss)
    .bss                                     0x2000013c   Section    17408  heap_2.o(.bss)
    ucHeap                                   0x2000013c   Data       17408  heap_2.o(.bss)
    STACK                                    0x20004540   Section      512  stm32f10x.o(STACK)

    Global Symbols

    Symbol Name                              Value     Ov Type        Size  Object(Section)

    BuildAttributes$$THM_ISAv4$P$D$K$B$S$PE$A:L22UL41UL21$X:L11$S22US41US21$IEEE1$IW$USESV6$~STKCKD$USESV7$~SHL$OSPACE$ROPI$EBA8$MICROLIB$REQ8$PRES8$EABIv2 0x00000000   Number         0  anon$$obj.o ABSOLUTE
    __ARM_use_no_argv                        0x00000000   Number         0  main.o ABSOLUTE
    __use_no_errno                           0x00000000   Number         0  useno.o ABSOLUTE
    __use_no_exception_handling              0x00000000   Number         0  useno.o ABSOLUTE
    __use_no_fp                              0x00000000   Number         0  useno.o ABSOLUTE
    __use_no_heap                            0x00000000   Number         0  useno.o ABSOLUTE
    __use_no_heap_region                     0x00000000   Number         0  useno.o ABSOLUTE
    __use_no_semihosting                     0x00000000   Number         0  useno.o ABSOLUTE
    __use_no_semihosting_swi                 0x00000000   Number         0  useno.o ABSOLUTE
    __use_no_signal_handling                 0x00000000   Number         0  useno.o ABSOLUTE
    _printf_a                                0x00000000   Number         0  stubs.o ABSOLUTE
    _printf_c                                0x00000000   Number         0  stubs.o ABSOLUTE
    _printf_charcount                        0x00000000   Number         0  stubs.o ABSOLUTE
    _printf_d                                0x00000000   Number         0  stubs.o ABSOLUTE
    _printf_e                                0x00000000   Number         0  stubs.o ABSOLUTE
    _printf_f                                0x00000000   Number         0  stubs.o ABSOLUTE
    _printf_flags                            0x00000000   Number         0  stubs.o ABSOLUTE
    _printf_fp_dec                           0x00000000   Number         0  stubs.o ABSOLUTE
    _printf_fp_hex                           0x00000000   Number         0  stubs.o ABSOLUTE
    _printf_g                                0x00000000   Number         0  stubs.o ABSOLUTE
    _printf_i                                0x00000000   Number         0  stubs.o ABSOLUTE
    _printf_int_dec                          0x00000000   Number         0  stubs.o ABSOLUTE
    _printf_l                                0x00000000   Number         0  stubs.o ABSOLUTE
    _printf_lc                               0x00000000   Number         0  stubs.o ABSOLUTE
    _printf_ll                               0x00000000   Number         0  stubs.o ABSOLUTE
    _printf_lld                              0x00000000   Number         0  stubs.o ABSOLUTE
    _printf_lli                              0x00000000   Number         0  stubs.o ABSOLUTE
    _printf_llo                              0x00000000   Number         0  stubs.o ABSOLUTE
    _printf_llu                              0x00000000   Number         0  stubs.o ABSOLUTE
    _printf_llx                              0x00000000   Number         0  stubs.o ABSOLUTE
    _printf_longlong_dec                     0x00000000   Number         0  stubs.o ABSOLUTE
    _printf_longlong_hex                     0x00000000   Number         0  stubs.o ABSOLUTE
    _printf_longlong_oct                     0x00000000   Number         0  stubs.o ABSOLUTE
    _printf_ls                               0x00000000   Number         0  stubs.o ABSOLUTE
    _printf_mbtowc                           0x00000000   Number         0  stubs.o ABSOLUTE
    _printf_n                                0x00000000   Number         0  stubs.o ABSOLUTE
    _printf_o                                0x00000000   Number         0  stubs.o ABSOLUTE
    _printf_p                                0x00000000   Number         0  stubs.o ABSOLUTE
    _printf_percent                          0x00000000   Number         0  stubs.o ABSOLUTE
    _printf_pre_padding                      0x00000000   Number         0  stubs.o ABSOLUTE
    _printf_return_value                     0x00000000   Number         0  stubs.o ABSOLUTE
    _printf_s                                0x00000000   Number         0  stubs.o ABSOLUTE
    _printf_sizespec                         0x00000000   Number         0  stubs.o ABSOLUTE
    _printf_str                              0x00000000   Number         0  stubs.o ABSOLUTE
    _printf_truncate_signed                  0x00000000   Number         0  stubs.o ABSOLUTE
    _printf_truncate_unsigned                0x00000000   Number         0  stubs.o ABSOLUTE
    _printf_u                                0x00000000   Number         0  stubs.o ABSOLUTE
    _printf_wc                               0x00000000   Number         0  stubs.o ABSOLUTE
    _printf_wctomb                           0x00000000   Number         0  stubs.o ABSOLUTE
    _printf_widthprec                        0x00000000   Number         0  stubs.o ABSOLUTE
    _printf_x                                0x00000000   Number         0  stubs.o ABSOLUTE
    __cpp_initialize__aeabi_                  - Undefined Weak Reference
    __cxa_finalize                            - Undefined Weak Reference
    __decompress                              - Undefined Weak Reference
    _clock_init                               - Undefined Weak Reference
    _microlib_exit                            - Undefined Weak Reference
    __Vectors                                0x08000000   Data           4  stm32f10x.o(RESET)
    __main                                   0x080000ed   Thumb Code     0  entry.o(.ARM.Collect$$$$00000000)
    _main_stk                                0x080000ed   Thumb Code     0  entry2.o(.ARM.Collect$$$$00000001)
    _main_scatterload                        0x080000f1   Thumb Code     0  entry5.o(.ARM.Collect$$$$00000004)
    __main_after_scatterload                 0x080000f5   Thumb Code     0  entry5.o(.ARM.Collect$$$$00000004)
    _main_clock                              0x080000f5   Thumb Code     0  entry7b.o(.ARM.Collect$$$$00000008)
    _main_cpp_init                           0x080000f5   Thumb Code     0  entry8b.o(.ARM.Collect$$$$0000000A)
    _main_init                               0x080000f5   Thumb Code     0  entry9a.o(.ARM.Collect$$$$0000000B)
    __rt_final_cpp                           0x080000fd   Thumb Code     0  entry10a.o(.ARM.Collect$$$$0000000D)
    __rt_final_exit                          0x080000fd   Thumb Code     0  entry11a.o(.ARM.Collect$$$$0000000F)
    vPortSVCHandler                          0x08000101   Thumb Code    32  port.o(.emb_text)
    __asm___6_port_c_39a90d8d__prvStartFirstTask 0x08000125   Thumb Code    28  port.o(.emb_text)
    xPortPendSVHandler                       0x08000145   Thumb Code    72  port.o(.emb_text)
    vPortGetIPSR                             0x08000191   Thumb Code     6  port.o(.emb_text)
    Reset_Handler                            0x08000199   Thumb Code     4  stm32f10x.o(.text)
    NMI_Handler                              0x0800019d   Thumb Code     2  stm32f10x.o(.text)
    HardFault_Handler                        0x0800019f   Thumb Code     2  stm32f10x.o(.text)
    MemManage_Handler                        0x080001a1   Thumb Code     2  stm32f10x.o(.text)
    BusFault_Handler                         0x080001a3   Thumb Code     2  stm32f10x.o(.text)
    UsageFault_Handler                       0x080001a5   Thumb Code     2  stm32f10x.o(.text)
    SVC_Handler                              0x080001a7   Thumb Code     2  stm32f10x.o(.text)
    DebugMon_Handler                         0x080001a9   Thumb Code     2  stm32f10x.o(.text)
    PendSV_Handler                           0x080001ab   Thumb Code     2  stm32f10x.o(.text)
    SysTick_Handler                          0x080001ad   Thumb Code     2  stm32f10x.o(.text)
    ADC_IRQHandler                           0x080001af   Thumb Code     0  stm32f10x.o(.text)
    CAN_RX1_IRQHandler                       0x080001af   Thumb Code     0  stm32f10x.o(.text)
    CAN_SCE_IRQHandler                       0x080001af   Thumb Code     0  stm32f10x.o(.text)
    DMAChannel1_IRQHandler                   0x080001af   Thumb Code     0  stm32f10x.o(.text)
    DMAChannel2_IRQHandler                   0x080001af   Thumb Code     0  stm32f10x.o(.text)
    DMAChannel3_IRQHandler                   0x080001af   Thumb Code     0  stm32f10x.o(.text)
    DMAChannel4_IRQHandler                   0x080001af   Thumb Code     0  stm32f10x.o(.text)
    DMAChannel5_IRQHandler                   0x080001af   Thumb Code     0  stm32f10x.o(.text)
    DMAChannel6_IRQHandler                   0x080001af   Thumb Code     0  stm32f10x.o(.text)
    DMAChannel7_IRQHandler                   0x080001af   Thumb Code     0  stm32f10x.o(.text)
    EXTI0_IRQHandler                         0x080001af   Thumb Code     0  stm32f10x.o(.text)
    EXTI15_10_IRQHandler                     0x080001af   Thumb Code     0  stm32f10x.o(.text)
    EXTI1_IRQHandler                         0x080001af   Thumb Code     0  stm32f10x.o(.text)
    EXTI2_IRQHandler                         0x080001af   Thumb Code     0  stm32f10x.o(.text)
    EXTI3_IRQHandler                         0x080001af   Thumb Code     0  stm32f10x.o(.text)
    EXTI4_IRQHandler                         0x080001af   Thumb Code     0  stm32f10x.o(.text)
    EXTI9_5_IRQHandler                       0x080001af   Thumb Code     0  stm32f10x.o(.text)
    FLASH_IRQHandler                         0x080001af   Thumb Code     0  stm32f10x.o(.text)
    I2C1_ER_IRQHandler                       0x080001af   Thumb Code     0  stm32f10x.o(.text)
    I2C1_EV_IRQHandler                       0x080001af   Thumb Code     0  stm32f10x.o(.text)
    I2C2_ER_IRQHandler                       0x080001af   Thumb Code     0  stm32f10x.o(.text)
    I2C2_EV_IRQHandler                       0x080001af   Thumb Code     0  stm32f10x.o(.text)
    PVD_IRQHandler                           0x080001af   Thumb Code     0  stm32f10x.o(.text)
    RCC_IRQHandler                           0x080001af   Thumb Code     0  stm32f10x.o(.text)
    RTCAlarm_IRQHandler                      0x080001af   Thumb Code     0  stm32f10x.o(.text)
    RTC_IRQHandler                           0x080001af   Thumb Code     0  stm32f10x.o(.text)
    SPI1_IRQHandler                          0x080001af   Thumb Code     0  stm32f10x.o(.text)
    SPI2_IRQHandler                          0x080001af   Thumb Code     0  stm32f10x.o(.text)
    TAMPER_IRQHandler                        0x080001af   Thumb Code     0  stm32f10x.o(.text)
    TIM1_BRK_IRQHandler                      0x080001af   Thumb Code     0  stm32f10x.o(.text)
    TIM1_CC_IRQHandler                       0x080001af   Thumb Code     0  stm32f10x.o(.text)
    TIM1_TRG_COM_IRQHandler                  0x080001af   Thumb Code     0  stm32f10x.o(.text)
    TIM1_UP_IRQHandler                       0x080001af   Thumb Code     0  stm32f10x.o(.text)
    TIM2_IRQHandler                          0x080001af   Thumb Code     0  stm32f10x.o(.text)
    TIM3_IRQHandler                          0x080001af   Thumb Code     0  stm32f10x.o(.text)
    TIM4_IRQHandler                          0x080001af   Thumb Code     0  stm32f10x.o(.text)
    USART1_IRQHandler                        0x080001af   Thumb Code     0  stm32f10x.o(.text)
    USART2_IRQHandler                        0x080001af   Thumb Code     0  stm32f10x.o(.text)
    USART3_IRQHandler                        0x080001af   Thumb Code     0  stm32f10x.o(.text)
    USBWakeUp_IRQHandler                     0x080001af   Thumb Code     0  stm32f10x.o(.text)
    USB_HP_CAN_TX_IRQHandler                 0x080001af   Thumb Code     0  stm32f10x.o(.text)
    USB_LP_CAN_RX0_IRQHandler                0x080001af   Thumb Code     0  stm32f10x.o(.text)
    WWDG_IRQHandler                          0x080001af   Thumb Code     0  stm32f10x.o(.text)
    __WFI                                    0x080001b5   Thumb Code     0  cortexm3_macro_rvds.o(.text)
    __WFE                                    0x080001b9   Thumb Code     0  cortexm3_macro_rvds.o(.text)
    __SEV                                    0x080001bd   Thumb Code     0  cortexm3_macro_rvds.o(.text)
    __ISB                                    0x080001c1   Thumb Code     0  cortexm3_macro_rvds.o(.text)
    __DSB                                    0x080001c7   Thumb Code     0  cortexm3_macro_rvds.o(.text)
    __DMB                                    0x080001cd   Thumb Code     0  cortexm3_macro_rvds.o(.text)
    __SVC                                    0x080001d3   Thumb Code     0  cortexm3_macro_rvds.o(.text)
    __MRS_CONTROL                            0x080001d7   Thumb Code     0  cortexm3_macro_rvds.o(.text)
    __MSR_CONTROL                            0x080001dd   Thumb Code     0  cortexm3_macro_rvds.o(.text)
    __MRS_PSP                                0x080001e7   Thumb Code     0  cortexm3_macro_rvds.o(.text)
    __MSR_PSP                                0x080001ed   Thumb Code     0  cortexm3_macro_rvds.o(.text)
    __MRS_MSP                                0x080001f3   Thumb Code     0  cortexm3_macro_rvds.o(.text)
    __MSR_MSP                                0x080001f9   Thumb Code     0  cortexm3_macro_rvds.o(.text)
    __SETPRIMASK                             0x080001ff   Thumb Code     0  cortexm3_macro_rvds.o(.text)
    __RESETPRIMASK                           0x08000203   Thumb Code     0  cortexm3_macro_rvds.o(.text)
    __SETFAULTMASK                           0x08000207   Thumb Code     0  cortexm3_macro_rvds.o(.text)
    __RESETFAULTMASK                         0x0800020b   Thumb Code     0  cortexm3_macro_rvds.o(.text)
    __BASEPRICONFIG                          0x0800020f   Thumb Code     0  cortexm3_macro_rvds.o(.text)
    __GetBASEPRI                             0x08000215   Thumb Code     0  cortexm3_macro_rvds.o(.text)
    __REV_HalfWord                           0x0800021b   Thumb Code     0  cortexm3_macro_rvds.o(.text)
    __REV_Word                               0x0800021f   Thumb Code     0  cortexm3_macro_rvds.o(.text)
    USART_DeInit                             0x08000225   Thumb Code    88  stm32f10x_usart.o(.text)
    USART_Init                               0x0800027d   Thumb Code   168  stm32f10x_usart.o(.text)
    USART_StructInit                         0x08000325   Thumb Code    32  stm32f10x_usart.o(.text)
    USART_Cmd                                0x08000345   Thumb Code    24  stm32f10x_usart.o(.text)
    USART_ITConfig                           0x0800035d   Thumb Code    64  stm32f10x_usart.o(.text)
    USART_DMACmd                             0x0800039d   Thumb Code    18  stm32f10x_usart.o(.text)
    USART_SetAddress                         0x080003af   Thumb Code    18  stm32f10x_usart.o(.text)
    USART_WakeUpConfig                       0x080003c1   Thumb Code    18  stm32f10x_usart.o(.text)
    USART_ReceiverWakeUpCmd                  0x080003d3   Thumb Code    24  stm32f10x_usart.o(.text)
    USART_LINBreakDetectLengthConfig         0x080003eb   Thumb Code    18  stm32f10x_usart.o(.text)
    USART_LINCmd                             0x080003fd   Thumb Code    24  stm32f10x_usart.o(.text)
    USART_SendData                           0x08000415   Thumb Code     8  stm32f10x_usart.o(.text)
    USART_ReceiveData                        0x0800041d   Thumb Code    10  stm32f10x_usart.o(.text)
    USART_SendBreak                          0x08000427   Thumb Code    10  stm32f10x_usart.o(.text)
    USART_SetGuardTime                       0x08000431   Thumb Code    16  stm32f10x_usart.o(.text)
    USART_SetPrescaler                       0x08000441   Thumb Code    16  stm32f10x_usart.o(.text)
    USART_SmartCardCmd                       0x08000451   Thumb Code    24  stm32f10x_usart.o(.text)
    USART_SmartCardNACKCmd                   0x08000469   Thumb Code    24  stm32f10x_usart.o(.text)
    USART_HalfDuplexCmd                      0x08000481   Thumb Code    24  stm32f10x_usart.o(.text)
    USART_IrDAConfig                         0x08000499   Thumb Code    18  stm32f10x_usart.o(.text)
    USART_IrDACmd                            0x080004ab   Thumb Code    24  stm32f10x_usart.o(.text)
    USART_GetFlagStatus                      0x080004c3   Thumb Code    18  stm32f10x_usart.o(.text)
    USART_ClearFlag                          0x080004d5   Thumb Code     8  stm32f10x_usart.o(.text)
    USART_GetITStatus                        0x080004dd   Thumb Code    76  stm32f10x_usart.o(.text)
    USART_ClearITPendingBit                  0x08000529   Thumb Code    22  stm32f10x_usart.o(.text)
    GPIO_DeInit                              0x08000549   Thumb Code   138  stm32f10x_gpio.o(.text)
    GPIO_AFIODeInit                          0x080005d3   Thumb Code    20  stm32f10x_gpio.o(.text)
    GPIO_Init                                0x080005e7   Thumb Code   278  stm32f10x_gpio.o(.text)
    GPIO_StructInit                          0x080006fd   Thumb Code    16  stm32f10x_gpio.o(.text)
    GPIO_ReadInputDataBit                    0x0800070d   Thumb Code    18  stm32f10x_gpio.o(.text)
    GPIO_ReadInputData                       0x0800071f   Thumb Code     8  stm32f10x_gpio.o(.text)
    GPIO_ReadOutputDataBit                   0x08000727   Thumb Code    18  stm32f10x_gpio.o(.text)
    GPIO_ReadOutputData                      0x08000739   Thumb Code     8  stm32f10x_gpio.o(.text)
    GPIO_WriteBit                            0x08000741   Thumb Code    10  stm32f10x_gpio.o(.text)
    GPIO_Write                               0x0800074b   Thumb Code     4  stm32f10x_gpio.o(.text)
    GPIO_PinLockConfig                       0x0800074f   Thumb Code    18  stm32f10x_gpio.o(.text)
    GPIO_EventOutputConfig                   0x08000761   Thumb Code    26  stm32f10x_gpio.o(.text)
    GPIO_EventOutputCmd                      0x0800077b   Thumb Code     6  stm32f10x_gpio.o(.text)
    GPIO_PinRemapConfig                      0x08000781   Thumb Code    86  stm32f10x_gpio.o(.text)
    GPIO_EXTILineConfig                      0x080007d7   Thumb Code    66  stm32f10x_gpio.o(.text)
    NVIC_DeInit                              0x08000829   Thumb Code    54  stm32f10x_nvic.o(.text)
    NVIC_SCBDeInit                           0x0800085f   Thumb Code    76  stm32f10x_nvic.o(.text)
    NVIC_PriorityGroupConfig                 0x080008ab   Thumb Code    12  stm32f10x_nvic.o(.text)
    NVIC_Init                                0x080008b7   Thumb Code   152  stm32f10x_nvic.o(.text)
    NVIC_StructInit                          0x0800094f   Thumb Code    12  stm32f10x_nvic.o(.text)
    NVIC_SETPRIMASK                          0x0800095b   Thumb Code     8  stm32f10x_nvic.o(.text)
    NVIC_RESETPRIMASK                        0x08000963   Thumb Code     8  stm32f10x_nvic.o(.text)
    NVIC_SETFAULTMASK                        0x0800096b   Thumb Code     8  stm32f10x_nvic.o(.text)
    NVIC_RESETFAULTMASK                      0x08000973   Thumb Code     8  stm32f10x_nvic.o(.text)
    NVIC_BASEPRICONFIG                       0x0800097b   Thumb Code    12  stm32f10x_nvic.o(.text)
    NVIC_GetBASEPRI                          0x08000987   Thumb Code     8  stm32f10x_nvic.o(.text)
    NVIC_GetCurrentPendingIRQChannel         0x0800098f   Thumb Code    10  stm32f10x_nvic.o(.text)
    NVIC_GetIRQChannelPendingBitStatus       0x08000999   Thumb Code    42  stm32f10x_nvic.o(.text)
    NVIC_SetIRQChannelPendingBit             0x080009c3   Thumb Code     6  stm32f10x_nvic.o(.text)
    NVIC_ClearIRQChannelPendingBit           0x080009c9   Thumb Code    20  stm32f10x_nvic.o(.text)
    NVIC_GetCurrentActiveHandler             0x080009dd   Thumb Code    10  stm32f10x_nvic.o(.text)
    NVIC_GetIRQChannelActiveBitStatus        0x080009e7   Thumb Code    42  stm32f10x_nvic.o(.text)
    NVIC_GetCPUID                            0x08000a11   Thumb Code     8  stm32f10x_nvic.o(.text)
    NVIC_SetVectorTable                      0x08000a19   Thumb Code    22  stm32f10x_nvic.o(.text)
    NVIC_GenerateSystemReset                 0x08000a2f   Thumb Code    12  stm32f10x_nvic.o(.text)
    NVIC_GenerateCoreReset                   0x08000a3b   Thumb Code    12  stm32f10x_nvic.o(.text)
    NVIC_SystemLPConfig                      0x08000a47   Thumb Code    34  stm32f10x_nvic.o(.text)
    NVIC_SystemHandlerConfig                 0x08000a69   Thumb Code    48  stm32f10x_nvic.o(.text)
    NVIC_SystemHandlerPriorityConfig         0x08000a99   Thumb Code   110  stm32f10x_nvic.o(.text)
    NVIC_GetSystemHandlerPendingBitStatus    0x08000b07   Thumb Code    44  stm32f10x_nvic.o(.text)
    NVIC_SetSystemHandlerPendingBit          0x08000b33   Thumb Code    22  stm32f10x_nvic.o(.text)
    NVIC_ClearSystemHandlerPendingBit        0x08000b49   Thumb Code    26  stm32f10x_nvic.o(.text)
    NVIC_GetSystemHandlerActiveBitStatus     0x08000b63   Thumb Code    42  stm32f10x_nvic.o(.text)
    NVIC_GetFaultHandlerSources              0x08000b8d   Thumb Code    66  stm32f10x_nvic.o(.text)
    NVIC_GetFaultAddress                     0x08000bcf   Thumb Code    28  stm32f10x_nvic.o(.text)
    RCC_DeInit                               0x08000c09   Thumb Code    78  stm32f10x_rcc.o(.text)
    RCC_HSEConfig                            0x08000c57   Thumb Code    70  stm32f10x_rcc.o(.text)
    RCC_AdjustHSICalibrationValue            0x08000c9d   Thumb Code    20  stm32f10x_rcc.o(.text)
    RCC_HSICmd                               0x08000cb1   Thumb Code     6  stm32f10x_rcc.o(.text)
    RCC_PLLConfig                            0x08000cb7   Thumb Code    24  stm32f10x_rcc.o(.text)
    RCC_PLLCmd                               0x08000ccf   Thumb Code     6  stm32f10x_rcc.o(.text)
    RCC_SYSCLKConfig                         0x08000cd5   Thumb Code    18  stm32f10x_rcc.o(.text)
    RCC_GetSYSCLKSource                      0x08000ce7   Thumb Code    10  stm32f10x_rcc.o(.text)
    RCC_HCLKConfig                           0x08000cf1   Thumb Code    18  stm32f10x_rcc.o(.text)
    RCC_PCLK1Config                          0x08000d03   Thumb Code    18  stm32f10x_rcc.o(.text)
    RCC_PCLK2Config                          0x08000d15   Thumb Code    20  stm32f10x_rcc.o(.text)
    RCC_ITConfig                             0x08000d29   Thumb Code    26  stm32f10x_rcc.o(.text)
    RCC_USBCLKConfig                         0x08000d43   Thumb Code     8  stm32f10x_rcc.o(.text)
    RCC_ADCCLKConfig                         0x08000d4b   Thumb Code    18  stm32f10x_rcc.o(.text)
    RCC_LSEConfig                            0x08000d5d   Thumb Code    50  stm32f10x_rcc.o(.text)
    RCC_LSICmd                               0x08000d8f   Thumb Code     6  stm32f10x_rcc.o(.text)
    RCC_RTCCLKConfig                         0x08000d95   Thumb Code    12  stm32f10x_rcc.o(.text)
    RCC_RTCCLKCmd                            0x08000da1   Thumb Code     8  stm32f10x_rcc.o(.text)
    RCC_GetClocksFreq                        0x08000da9   Thumb Code   192  stm32f10x_rcc.o(.text)
    RCC_AHBPeriphClockCmd                    0x08000e69   Thumb Code    26  stm32f10x_rcc.o(.text)
    RCC_APB2PeriphClockCmd                   0x08000e83   Thumb Code    26  stm32f10x_rcc.o(.text)
    RCC_APB1PeriphClockCmd                   0x08000e9d   Thumb Code    26  stm32f10x_rcc.o(.text)
    RCC_APB2PeriphResetCmd                   0x08000eb7   Thumb Code    26  stm32f10x_rcc.o(.text)
    RCC_APB1PeriphResetCmd                   0x08000ed1   Thumb Code    26  stm32f10x_rcc.o(.text)
    RCC_BackupResetCmd                       0x08000eeb   Thumb Code     8  stm32f10x_rcc.o(.text)
    RCC_ClockSecuritySystemCmd               0x08000ef3   Thumb Code     6  stm32f10x_rcc.o(.text)
    RCC_MCOConfig                            0x08000ef9   Thumb Code     6  stm32f10x_rcc.o(.text)
    RCC_GetFlagStatus                        0x08000eff   Thumb Code    56  stm32f10x_rcc.o(.text)
    RCC_ClearFlag                            0x08000f37   Thumb Code    14  stm32f10x_rcc.o(.text)
    RCC_GetITStatus                          0x08000f45   Thumb Code    20  stm32f10x_rcc.o(.text)
    RCC_ClearITPendingBit                    0x08000f59   Thumb Code     6  stm32f10x_rcc.o(.text)
    SysTick_CLKSourceConfig                  0x08000f85   Thumb Code    40  stm32f10x_systick.o(.text)
    SysTick_SetReload                        0x08000fad   Thumb Code     8  stm32f10x_systick.o(.text)
    SysTick_CounterCmd                       0x08000fb5   Thumb Code    52  stm32f10x_systick.o(.text)
    SysTick_ITConfig                         0x08000fe9   Thumb Code    38  stm32f10x_systick.o(.text)
    SysTick_GetCounter                       0x0800100f   Thumb Code     8  stm32f10x_systick.o(.text)
    SysTick_GetFlagStatus                    0x08001017   Thumb Code    50  stm32f10x_systick.o(.text)
    TIM_DeInit                               0x08001049   Thumb Code    84  stm32f10x_tim.o(.text)
    TIM_TimeBaseInit                         0x0800109d   Thumb Code    30  stm32f10x_tim.o(.text)
    TIM_OCInit                               0x080010bb   Thumb Code   214  stm32f10x_tim.o(.text)
    TIM_SetIC1Prescaler                      0x08001191   Thumb Code    18  stm32f10x_tim.o(.text)
    TIM_SetIC2Prescaler                      0x080011db   Thumb Code    26  stm32f10x_tim.o(.text)
    TIM_SetIC4Prescaler                      0x080012c1   Thumb Code    26  stm32f10x_tim.o(.text)
    TIM_SetIC3Prescaler                      0x0800132d   Thumb Code    18  stm32f10x_tim.o(.text)
    TIM_ICInit                               0x08001381   Thumb Code   126  stm32f10x_tim.o(.text)
    TIM_TimeBaseStructInit                   0x080013ff   Thumb Code    12  stm32f10x_tim.o(.text)
    TIM_OCStructInit                         0x0800140b   Thumb Code    12  stm32f10x_tim.o(.text)
    TIM_ICStructInit                         0x08001417   Thumb Code    34  stm32f10x_tim.o(.text)
    TIM_Cmd                                  0x08001439   Thumb Code    24  stm32f10x_tim.o(.text)
    TIM_ITConfig                             0x08001451   Thumb Code    18  stm32f10x_tim.o(.text)
    TIM_DMAConfig                            0x08001463   Thumb Code    22  stm32f10x_tim.o(.text)
    TIM_DMACmd                               0x08001479   Thumb Code    24  stm32f10x_tim.o(.text)
    TIM_InternalClockConfig                  0x08001491   Thumb Code    12  stm32f10x_tim.o(.text)
    TIM_SelectInputTrigger                   0x0800149d   Thumb Code    18  stm32f10x_tim.o(.text)
    TIM_ITRxExternalClockConfig              0x080014af   Thumb Code    24  stm32f10x_tim.o(.text)
    TIM_TIxExternalClockConfig               0x080014c7   Thumb Code    62  stm32f10x_tim.o(.text)
    TIM_ETRClockMode1Config                  0x0800151f   Thumb Code    64  stm32f10x_tim.o(.text)
    TIM_ETRClockMode2Config                  0x0800155f   Thumb Code    36  stm32f10x_tim.o(.text)
    TIM_PrescalerConfig                      0x08001583   Thumb Code    26  stm32f10x_tim.o(.text)
    TIM_CounterModeConfig                    0x0800159d   Thumb Code    18  stm32f10x_tim.o(.text)
    TIM_ForcedOC1Config                      0x080015af   Thumb Code    18  stm32f10x_tim.o(.text)
    TIM_ForcedOC2Config                      0x080015c1   Thumb Code    26  stm32f10x_tim.o(.text)
    TIM_ForcedOC3Config                      0x080015db   Thumb Code    18  stm32f10x_tim.o(.text)
    TIM_ForcedOC4Config                      0x080015ed   Thumb Code    26  stm32f10x_tim.o(.text)
    TIM_ARRPreloadConfig                     0x08001607   Thumb Code    24  stm32f10x_tim.o(.text)
    TIM_SelectCCDMA                          0x0800161f   Thumb Code    22  stm32f10x_tim.o(.text)
    TIM_OC1PreloadConfig                     0x08001635   Thumb Code    18  stm32f10x_tim.o(.text)
    TIM_OC2PreloadConfig                     0x08001647   Thumb Code    26  stm32f10x_tim.o(.text)
    TIM_OC3PreloadConfig                     0x08001661   Thumb Code    18  stm32f10x_tim.o(.text)
    TIM_OC4PreloadConfig                     0x08001673   Thumb Code    26  stm32f10x_tim.o(.text)
    TIM_OC1FastConfig                        0x0800168d   Thumb Code    18  stm32f10x_tim.o(.text)
    TIM_OC2FastConfig                        0x0800169f   Thumb Code    26  stm32f10x_tim.o(.text)
    TIM_OC3FastConfig                        0x080016b9   Thumb Code    18  stm32f10x_tim.o(.text)
    TIM_OC4FastConfig                        0x080016cb   Thumb Code    26  stm32f10x_tim.o(.text)
    TIM_UpdateDisableConfig                  0x080016e5   Thumb Code    24  stm32f10x_tim.o(.text)
    TIM_EncoderInterfaceConfig               0x080016fd   Thumb Code    66  stm32f10x_tim.o(.text)
    TIM_GenerateEvent                        0x0800173f   Thumb Code     8  stm32f10x_tim.o(.text)
    TIM_OC1PolarityConfig                    0x08001747   Thumb Code    18  stm32f10x_tim.o(.text)
    TIM_OC2PolarityConfig                    0x08001759   Thumb Code    26  stm32f10x_tim.o(.text)
    TIM_OC3PolarityConfig                    0x08001773   Thumb Code    26  stm32f10x_tim.o(.text)
    TIM_OC4PolarityConfig                    0x0800178d   Thumb Code    26  stm32f10x_tim.o(.text)
    TIM_UpdateRequestConfig                  0x080017a7   Thumb Code    26  stm32f10x_tim.o(.text)
    TIM_SelectHallSensor                     0x080017c1   Thumb Code    24  stm32f10x_tim.o(.text)
    TIM_SelectOnePulseMode                   0x080017d9   Thumb Code    18  stm32f10x_tim.o(.text)
    TIM_SelectOutputTrigger                  0x080017eb   Thumb Code    16  stm32f10x_tim.o(.text)
    TIM_SelectSlaveMode                      0x080017fb   Thumb Code    18  stm32f10x_tim.o(.text)
    TIM_SelectMasterSlaveMode                0x0800180d   Thumb Code    18  stm32f10x_tim.o(.text)
    TIM_SetAutoreload                        0x0800181f   Thumb Code     4  stm32f10x_tim.o(.text)
    TIM_SetCompare1                          0x08001823   Thumb Code     4  stm32f10x_tim.o(.text)
    TIM_SetCompare2                          0x08001827   Thumb Code     4  stm32f10x_tim.o(.text)
    TIM_SetCompare3                          0x0800182b   Thumb Code     4  stm32f10x_tim.o(.text)
    TIM_SetCompare4                          0x0800182f   Thumb Code     6  stm32f10x_tim.o(.text)
    TIM_SetClockDivision                     0x08001835   Thumb Code    14  stm32f10x_tim.o(.text)
    TIM_GetCapture1                          0x08001843   Thumb Code     6  stm32f10x_tim.o(.text)
    TIM_GetCapture2                          0x08001849   Thumb Code     6  stm32f10x_tim.o(.text)
    TIM_GetCapture3                          0x0800184f   Thumb Code     6  stm32f10x_tim.o(.text)
    TIM_GetCapture4                          0x08001855   Thumb Code     8  stm32f10x_tim.o(.text)
    TIM_GetCounter                           0x0800185d   Thumb Code     6  stm32f10x_tim.o(.text)
    TIM_GetPrescaler                         0x08001863   Thumb Code     6  stm32f10x_tim.o(.text)
    TIM_GetFlagStatus                        0x08001869   Thumb Code    18  stm32f10x_tim.o(.text)
    TIM_ClearFlag                            0x0800187b   Thumb Code     8  stm32f10x_tim.o(.text)
    TIM_GetITStatus                          0x08001883   Thumb Code    34  stm32f10x_tim.o(.text)
    TIM_ClearITPendingBit                    0x080018a5   Thumb Code     8  stm32f10x_tim.o(.text)
    UART_Init                                0x080018ad   Thumb Code   148  serial.o(.text)
    vUARTInterruptHandler                    0x08001941   Thumb Code     2  serial.o(.text)
    fputc                                    0x08001943   Thumb Code    32  serial.o(.text)
    fgetc                                    0x08001963   Thumb Code    32  serial.o(.text)
    _sys_exit                                0x08001983   Thumb Code     2  serial.o(.text)
    vSetupTimerTest                          0x0800198d   Thumb Code   156  timertest.o(.text)
    vTimer2IntHandler                        0x08001a29   Thumb Code    72  timertest.o(.text)
    vTaskFunction                            0x08001a85   Thumb Code    36  main.o(.text)
    main                                     0x08001b3b   Thumb Code    66  main.o(.text)
    xTaskCreate                              0x08001d03   Thumb Code    96  tasks.o(.text)
    vTaskDelete                              0x08001d9d   Thumb Code   166  tasks.o(.text)
    xTaskIncrementTick                       0x08001e43   Thumb Code   238  tasks.o(.text)
    xTaskResumeAll                           0x08001f31   Thumb Code   282  tasks.o(.text)
    vTaskSuspendAll                          0x080020c7   Thumb Code    12  tasks.o(.text)
    xTaskDelayUntil                          0x080020d3   Thumb Code   108  tasks.o(.text)
    vTaskDelay                               0x0800213f   Thumb Code    46  tasks.o(.text)
    uxTaskPriorityGet                        0x0800216d   Thumb Code    30  tasks.o(.text)
    uxTaskPriorityGetFromISR                 0x0800218b   Thumb Code    52  tasks.o(.text)
    vTaskPrioritySet                         0x080021bf   Thumb Code   216  tasks.o(.text)
    vTaskSwitchContext                       0x08002297   Thumb Code    76  tasks.o(.text)
    vTaskSuspend                             0x080022e3   Thumb Code   188  tasks.o(.text)
    vTaskResume                              0x08002415   Thumb Code   104  tasks.o(.text)
    xTaskResumeFromISR                       0x0800247d   Thumb Code   136  tasks.o(.text)
    vTaskStartScheduler                      0x08002561   Thumb Code    76  tasks.o(.text)
    vTaskEndScheduler                        0x080025ad   Thumb Code    32  tasks.o(.text)
    xTaskGetTickCount                        0x080025cd   Thumb Code     6  tasks.o(.text)
    xTaskGetTickCountFromISR                 0x080025d3   Thumb Code     8  tasks.o(.text)
    uxTaskGetNumberOfTasks                   0x080025db   Thumb Code     6  tasks.o(.text)
    pcTaskGetName                            0x080025e1   Thumb Code    20  tasks.o(.text)
    xTaskCatchUpTicks                        0x080025f5   Thumb Code    28  tasks.o(.text)
    vTaskPlaceOnEventList                    0x08002611   Thumb Code    28  tasks.o(.text)
    vTaskPlaceOnUnorderedEventList           0x0800262d   Thumb Code    40  tasks.o(.text)
    xTaskRemoveFromEventList                 0x08002655   Thumb Code   104  tasks.o(.text)
    vTaskRemoveFromUnorderedEventList        0x080026bd   Thumb Code    82  tasks.o(.text)
    vTaskSetTimeOutState                     0x0800270f   Thumb Code    26  tasks.o(.text)
    vTaskInternalSetTimeOutState             0x08002729   Thumb Code    14  tasks.o(.text)
    xTaskCheckForTimeOut                     0x08002737   Thumb Code    88  tasks.o(.text)
    vTaskMissedYield                         0x0800278f   Thumb Code     8  tasks.o(.text)
    uxTaskResetEventItemValue                0x08002797   Thumb Code    24  tasks.o(.text)
    ulTaskGenericNotifyTake                  0x080027af   Thumb Code   212  tasks.o(.text)
    xTaskGenericNotifyWait                   0x08002883   Thumb Code   164  tasks.o(.text)
    xTaskGenericNotify                       0x08002927   Thumb Code   234  tasks.o(.text)
    xTaskGenericNotifyFromISR                0x08002a11   Thumb Code   276  tasks.o(.text)
    vTaskGenericNotifyGiveFromISR            0x08002b25   Thumb Code   166  tasks.o(.text)
    xTaskGenericNotifyStateClear             0x08002bcb   Thumb Code    58  tasks.o(.text)
    ulTaskGenericNotifyValueClear            0x08002c05   Thumb Code    58  tasks.o(.text)
    vListInitialise                          0x08002c5d   Thumb Code    26  list.o(.text)
    vListInitialiseItem                      0x08002c77   Thumb Code     6  list.o(.text)
    vListInsertEnd                           0x08002c7d   Thumb Code    24  list.o(.text)
    vListInsert                              0x08002c95   Thumb Code    52  list.o(.text)
    uxListRemove                             0x08002cc9   Thumb Code    40  list.o(.text)
    pxPortInitialiseStack                    0x08002d07   Thumb Code    30  port.o(.text)
    vPortSetupTimerInterrupt                 0x08002d25   Thumb Code    20  port.o(.text)
    xPortStartScheduler                      0x08002d39   Thumb Code    42  port.o(.text)
    vPortEndScheduler                        0x08002d63   Thumb Code     2  port.o(.text)
    vPortEnterCritical                       0x08002d65   Thumb Code    30  port.o(.text)
    vPortExitCritical                        0x08002d83   Thumb Code    28  port.o(.text)
    xPortSysTickHandler                      0x08002d9f   Thumb Code    48  port.o(.text)
    pvPortMalloc                             0x08002e0b   Thumb Code   190  heap_2.o(.text)
    vPortFree                                0x08002ec9   Thumb Code    56  heap_2.o(.text)
    xPortGetFreeHeapSize                     0x08002f01   Thumb Code     6  heap_2.o(.text)
    vPortInitialiseBlocks                    0x08002f07   Thumb Code     2  heap_2.o(.text)
    __scatterload                            0x08002f1d   Thumb Code    28  init.o(.text)
    __scatterload_rt2                        0x08002f1d   Thumb Code     0  init.o(.text)
    __0printf$0                              0x08002f41   Thumb Code    22  printf0.o(i.__0printf$0)
    __1printf$0                              0x08002f41   Thumb Code     0  printf0.o(i.__0printf$0)
    __2printf                                0x08002f41   Thumb Code     0  printf0.o(i.__0printf$0)
    __scatterload_copy                       0x08002f61   Thumb Code    14  handlers.o(i.__scatterload_copy)
    __scatterload_null                       0x08002f6f   Thumb Code     2  handlers.o(i.__scatterload_null)
    __scatterload_zeroinit                   0x08002f71   Thumb Code    14  handlers.o(i.__scatterload_zeroinit)
    Region$$Table$$Base                      0x08002fe8   Number         0  anon$$obj.o(Region$$Table)
    Region$$Table$$Limit                     0x08003008   Number         0  anon$$obj.o(Region$$Table)
    __stdout                                 0x20000000   Data           4  serial.o(.data)
    __stdin                                  0x20000004   Data           4  serial.o(.data)
    usMaxJitter                              0x20000008   Data           2  timertest.o(.data)
    pxCurrentTCB                             0x20000018   Data           4  tasks.o(.data)
    uxTopUsedPriority                        0x20000050   Data           4  tasks.o(.data)
    __initial_sp                             0x20004740   Data           0  stm32f10x.o(STACK)



==============================================================================

Memory Map of the image

  Image Entry point : 0x080000ed

  Load Region LR_IROM1 (Base: 0x08000000, Size: 0x0000307c, Max: 0x00020000, ABSOLUTE)

    Execution Region ER_IROM1 (Exec base: 0x08000000, Load base: 0x08000000, Size: 0x00003008, Max: 0x00020000, ABSOLUTE)

    Exec Addr    Load Addr    Size         Type   Attr      Idx    E Section Name        Object

    0x08000000   0x08000000   0x000000ec   Data   RO            3    RESET               stm32f10x.o
    0x080000ec   0x080000ec   0x00000000   Code   RO          387  * .ARM.Collect$$$$00000000  mc_w.l(entry.o)
    0x080000ec   0x080000ec   0x00000004   Code   RO          655    .ARM.Collect$$$$00000001  mc_w.l(entry2.o)
    0x080000f0   0x080000f0   0x00000004   Code   RO          658    .ARM.Collect$$$$00000004  mc_w.l(entry5.o)
    0x080000f4   0x080000f4   0x00000000   Code   RO          660    .ARM.Collect$$$$00000008  mc_w.l(entry7b.o)
    0x080000f4   0x080000f4   0x00000000   Code   RO          662    .ARM.Collect$$$$0000000A  mc_w.l(entry8b.o)
    0x080000f4   0x080000f4   0x00000008   Code   RO          663    .ARM.Collect$$$$0000000B  mc_w.l(entry9a.o)
    0x080000fc   0x080000fc   0x00000000   Code   RO          665    .ARM.Collect$$$$0000000D  mc_w.l(entry10a.o)
    0x080000fc   0x080000fc   0x00000000   Code   RO          667    .ARM.Collect$$$$0000000F  mc_w.l(entry11a.o)
    0x080000fc   0x080000fc   0x00000004   Code   RO          656    .ARM.Collect$$$$00002712  mc_w.l(entry2.o)
    0x08000100   0x08000100   0x00000096   Code   RO          342    .emb_text           port.o
    0x08000196   0x08000196   0x00000002   PAD
    0x08000198   0x08000198   0x0000001c   Code   RO            4    .text               stm32f10x.o
    0x080001b4   0x080001b4   0x0000006e   Code   RO           10    .text               cortexm3_macro_rvds.o
    0x08000222   0x08000222   0x00000002   PAD
    0x08000224   0x08000224   0x00000324   Code   RO           13    .text               stm32f10x_usart.o
    0x08000548   0x08000548   0x000002e0   Code   RO           44    .text               stm32f10x_gpio.o
    0x08000828   0x08000828   0x000003e0   Code   RO           83    .text               stm32f10x_nvic.o
    0x08000c08   0x08000c08   0x0000037c   Code   RO           95    .text               stm32f10x_rcc.o
    0x08000f84   0x08000f84   0x000000c4   Code   RO          121    .text               stm32f10x_systick.o
    0x08001048   0x08001048   0x00000864   Code   RO          133    .text               stm32f10x_tim.o
    0x080018ac   0x080018ac   0x000000e0   Code   RO          150    .text               serial.o
    0x0800198c   0x0800198c   0x000000f8   Code   RO          208    .text               timertest.o
    0x08001a84   0x08001a84   0x00000118   Code   RO          223    .text               main.o
    0x08001b9c   0x08001b9c   0x000010c0   Code   RO          254    .text               tasks.o
    0x08002c5c   0x08002c5c   0x00000094   Code   RO          300    .text               list.o
    0x08002cf0   0x08002cf0   0x000000f0   Code   RO          343    .text               port.o
    0x08002de0   0x08002de0   0x0000013c   Code   RO          372    .text               heap_2.o
    0x08002f1c   0x08002f1c   0x00000024   Code   RO          684    .text               mc_w.l(init.o)
    0x08002f40   0x08002f40   0x00000020   Code   RO          417    i.__0printf$0       mc_w.l(printf0.o)
    0x08002f60   0x08002f60   0x0000000e   Code   RO          696    i.__scatterload_copy  mc_w.l(handlers.o)
    0x08002f6e   0x08002f6e   0x00000002   Code   RO          697    i.__scatterload_null  mc_w.l(handlers.o)
    0x08002f70   0x08002f70   0x0000000e   Code   RO          698    i.__scatterload_zeroinit  mc_w.l(handlers.o)
    0x08002f7e   0x08002f7e   0x0000002c   Code   RO          424    i._printf_core      mc_w.l(printf0.o)
    0x08002faa   0x08002faa   0x00000014   Data   RO           96    .constdata          stm32f10x_rcc.o
    0x08002fbe   0x08002fbe   0x00000010   Data   RO          134    .constdata          stm32f10x_tim.o
    0x08002fce   0x08002fce   0x00000002   PAD
    0x08002fd0   0x08002fd0   0x00000015   Data   RO          224    .conststring        main.o
    0x08002fe5   0x08002fe5   0x00000003   PAD
    0x08002fe8   0x08002fe8   0x00000020   Data   RO          694    Region$$Table       anon$$obj.o


    Execution Region RW_IRAM1 (Exec base: 0x20000000, Load base: 0x08003008, Size: 0x00004740, Max: 0x00005000, ABSOLUTE)

    Exec Addr    Load Addr    Size         Type   Attr      Idx    E Section Name        Object

    0x20000000   0x08003008   0x00000008   Data   RW          151    .data               serial.o
    0x20000008   0x08003010   0x00000008   Data   RW          209    .data               timertest.o
    0x20000010   0x08003018   0x00000008   Data   RW          225    .data               main.o
    0x20000018   0x08003020   0x00000040   Data   RW          256    .data               tasks.o
    0x20000058   0x08003060   0x00000004   Data   RW          344    .data               port.o
    0x2000005c   0x08003064   0x00000018   Data   RW          374    .data               heap_2.o
    0x20000074        -       0x000000c8   Zero   RW          255    .bss                tasks.o
    0x2000013c        -       0x00004400   Zero   RW          373    .bss                heap_2.o
    0x2000453c   0x0800307c   0x00000004   PAD
    0x20004540        -       0x00000200   Zero   RW            1    STACK               stm32f10x.o


==============================================================================

Image component sizes


      Code (inc. data)   RO Data    RW Data    ZI Data      Debug   Object Name

       110          0          0          0          0        448   cortexm3_macro_rvds.o
       316         20          0         24      17408       3284   heap_2.o
       148          0          0          0          0       1986   list.o
       280         32         21          8          0       1661   main.o
       390         30          0          4          0       7264   port.o
       224          8          0          8          0      13842   serial.o
        28          4        236          0        512        816   stm32f10x.o
       736         16          0          0          0       9635   stm32f10x_gpio.o
         0          0          0          0          0       6368   stm32f10x_lib.o
       992         30          0          0          0       7308   stm32f10x_nvic.o
       892         38         20          0          0       8478   stm32f10x_rcc.o
       196          0          0          0          0       1629   stm32f10x_systick.o
      2148         12         16          0          0      31880   stm32f10x_tim.o
       804         10          0          0          0      30409   stm32f10x_usart.o
      4288        268          0         64        200      33070   tasks.o
       248         20          0          8          0       1234   timertest.o

    ----------------------------------------------------------------------
     11804        488        330        116      18124     159312   Object Totals
         0          0         32          0          0          0   (incl. Generated)
         4          0          5          0          4          0   (incl. Padding)

    ----------------------------------------------------------------------

      Code (inc. data)   RO Data    RW Data    ZI Data      Debug   Library Member Name

         0          0          0          0          0          0   entry.o
         0          0          0          0          0          0   entry10a.o
         0          0          0          0          0          0   entry11a.o
         8          4          0          0          0          0   entry2.o
         4          0          0          0          0          0   entry5.o
         0          0          0          0          0          0   entry7b.o
         0          0          0          0          0          0   entry8b.o
         8          4          0          0          0          0   entry9a.o
        30          0          0          0          0          0   handlers.o
        36          8          0          0          0         68   init.o
        76         10          0          0          0        168   printf0.o

    ----------------------------------------------------------------------
       162         26          0          0          0        236   Library Totals
         0          0          0          0          0          0   (incl. Padding)

    ----------------------------------------------------------------------

      Code (inc. data)   RO Data    RW Data    ZI Data      Debug   Library Name

       162         26          0          0          0        236   mc_w.l

    ----------------------------------------------------------------------
       162         26          0          0          0        236   Library Totals

    ----------------------------------------------------------------------

==============================================================================


      Code (inc. data)   RO Data    RW Data    ZI Data      Debug   

     11966        514        330        116      18124     157776   Grand Totals
     11966        514        330        116      18124     157776   ELF Image Totals
     11966        514        330        116          0          0   ROM Totals

==============================================================================

    Total RO  Size (Code + RO Data)                12296 (  12.01kB)
    Total RW  Size (RW Data + ZI Data)             18240 (  17.81kB)
    Total ROM Size (Code + RO Data + RW Data)      12412 (  12.12kB)

==============================================================================

